Archive member included to satisfy reference by file (symbol)

c:/programdata/matlab/supportpackages/r2024a/3p.instrset/gnuarm-armcortex.instrset/win/bin/../lib/gcc/arm-none-eabi/11.3.1/thumb/v7e-m+fp/hard\libm.a(libm_a-w_fmod.o)
                              MicroMouseTemplate.o (fmod)
c:/programdata/matlab/supportpackages/r2024a/3p.instrset/gnuarm-armcortex.instrset/win/bin/../lib/gcc/arm-none-eabi/11.3.1/thumb/v7e-m+fp/hard\libm.a(libm_a-s_ceil.o)
                              MicroMouseTemplate.o (ceil)
c:/programdata/matlab/supportpackages/r2024a/3p.instrset/gnuarm-armcortex.instrset/win/bin/../lib/gcc/arm-none-eabi/11.3.1/thumb/v7e-m+fp/hard\libm.a(libm_a-s_floor.o)
                              MicroMouseTemplate.o (floor)
c:/programdata/matlab/supportpackages/r2024a/3p.instrset/gnuarm-armcortex.instrset/win/bin/../lib/gcc/arm-none-eabi/11.3.1/thumb/v7e-m+fp/hard\libm.a(libm_a-e_fmod.o)
                              c:/programdata/matlab/supportpackages/r2024a/3p.instrset/gnuarm-armcortex.instrset/win/bin/../lib/gcc/arm-none-eabi/11.3.1/thumb/v7e-m+fp/hard\libm.a(libm_a-w_fmod.o) (__ieee754_fmod)
c:/programdata/matlab/supportpackages/r2024a/3p.instrset/gnuarm-armcortex.instrset/win/bin/../lib/gcc/arm-none-eabi/11.3.1/thumb/v7e-m+fp/hard\libgcc.a(_arm_muldf3.o)
                              c:/programdata/matlab/supportpackages/r2024a/3p.instrset/gnuarm-armcortex.instrset/win/bin/../lib/gcc/arm-none-eabi/11.3.1/thumb/v7e-m+fp/hard\libm.a(libm_a-e_fmod.o) (__aeabi_dmul)
c:/programdata/matlab/supportpackages/r2024a/3p.instrset/gnuarm-armcortex.instrset/win/bin/../lib/gcc/arm-none-eabi/11.3.1/thumb/v7e-m+fp/hard\libgcc.a(_arm_addsubdf3.o)
                              MicroMouseTemplate.o (__aeabi_dsub)
c:/programdata/matlab/supportpackages/r2024a/3p.instrset/gnuarm-armcortex.instrset/win/bin/../lib/gcc/arm-none-eabi/11.3.1/thumb/v7e-m+fp/hard\libgcc.a(_arm_muldivdf3.o)
                              c:/programdata/matlab/supportpackages/r2024a/3p.instrset/gnuarm-armcortex.instrset/win/bin/../lib/gcc/arm-none-eabi/11.3.1/thumb/v7e-m+fp/hard\libm.a(libm_a-w_fmod.o) (__aeabi_ddiv)
c:/programdata/matlab/supportpackages/r2024a/3p.instrset/gnuarm-armcortex.instrset/win/bin/../lib/gcc/arm-none-eabi/11.3.1/thumb/v7e-m+fp/hard\libgcc.a(_arm_cmpdf2.o)
                              MicroMouseTemplate.o (__aeabi_dcmpeq)
c:/programdata/matlab/supportpackages/r2024a/3p.instrset/gnuarm-armcortex.instrset/win/bin/../lib/gcc/arm-none-eabi/11.3.1/thumb/v7e-m+fp/hard\libgcc.a(_arm_unorddf2.o)
                              c:/programdata/matlab/supportpackages/r2024a/3p.instrset/gnuarm-armcortex.instrset/win/bin/../lib/gcc/arm-none-eabi/11.3.1/thumb/v7e-m+fp/hard\libm.a(libm_a-w_fmod.o) (__aeabi_dcmpun)
c:/programdata/matlab/supportpackages/r2024a/3p.instrset/gnuarm-armcortex.instrset/win/bin/../lib/gcc/arm-none-eabi/11.3.1/thumb/v7e-m+fp/hard\libgcc.a(_arm_fixunsdfsi.o)
                              MicroMouseTemplate.o (__aeabi_d2uiz)
c:/programdata/matlab/supportpackages/r2024a/3p.instrset/gnuarm-armcortex.instrset/win/bin/../lib/gcc/arm-none-eabi/11.3.1/thumb/v7e-m+fp/hard\libc_nano.a(libc_a-exit.o)
                              c:/programdata/matlab/supportpackages/r2024a/3p.instrset/gnuarm-armcortex.instrset/win/bin/../lib/gcc/arm-none-eabi/11.3.1/thumb/v7e-m+fp/hard/crt0.o (exit)
c:/programdata/matlab/supportpackages/r2024a/3p.instrset/gnuarm-armcortex.instrset/win/bin/../lib/gcc/arm-none-eabi/11.3.1/thumb/v7e-m+fp/hard\libc_nano.a(libc_a-findfp.o)
                              c:/programdata/matlab/supportpackages/r2024a/3p.instrset/gnuarm-armcortex.instrset/win/bin/../lib/gcc/arm-none-eabi/11.3.1/thumb/v7e-m+fp/hard\libc_nano.a(libc_a-exit.o) (__stdio_exit_handler)
c:/programdata/matlab/supportpackages/r2024a/3p.instrset/gnuarm-armcortex.instrset/win/bin/../lib/gcc/arm-none-eabi/11.3.1/thumb/v7e-m+fp/hard\libc_nano.a(libc_a-fwalk.o)
                              c:/programdata/matlab/supportpackages/r2024a/3p.instrset/gnuarm-armcortex.instrset/win/bin/../lib/gcc/arm-none-eabi/11.3.1/thumb/v7e-m+fp/hard\libc_nano.a(libc_a-findfp.o) (_fwalk_sglue)
c:/programdata/matlab/supportpackages/r2024a/3p.instrset/gnuarm-armcortex.instrset/win/bin/../lib/gcc/arm-none-eabi/11.3.1/thumb/v7e-m+fp/hard\libc_nano.a(libc_a-stdio.o)
                              c:/programdata/matlab/supportpackages/r2024a/3p.instrset/gnuarm-armcortex.instrset/win/bin/../lib/gcc/arm-none-eabi/11.3.1/thumb/v7e-m+fp/hard\libc_nano.a(libc_a-findfp.o) (__sread)
c:/programdata/matlab/supportpackages/r2024a/3p.instrset/gnuarm-armcortex.instrset/win/bin/../lib/gcc/arm-none-eabi/11.3.1/thumb/v7e-m+fp/hard\libc_nano.a(libc_a-memset.o)
                              c:/programdata/matlab/supportpackages/r2024a/3p.instrset/gnuarm-armcortex.instrset/win/bin/../lib/gcc/arm-none-eabi/11.3.1/thumb/v7e-m+fp/hard/crt0.o (memset)
[...]
Memory Configuration

Name             Origin             Length             Attributes
RAM              0x20000000         0x00018000         xrw
RAM2             0x10000000         0x00008000         xrw
FLASH            0x08000000         0x00080000         xr
*default*        0x00000000         0xffffffff

Linker script and memory map

LOAD c:/programdata/matlab/supportpackages/r2024a/3p.instrset/gnuarm-armcortex.instrset/win/bin/../lib/gcc/arm-none-eabi/11.3.1/thumb/v7e-m+fp/hard/crti.o
LOAD c:/programdata/matlab/supportpackages/r2024a/3p.instrset/gnuarm-armcortex.instrset/win/bin/../lib/gcc/arm-none-eabi/11.3.1/thumb/v7e-m+fp/hard/crtbegin.o
LOAD c:/programdata/matlab/supportpackages/r2024a/3p.instrset/gnuarm-armcortex.instrset/win/bin/../lib/gcc/arm-none-eabi/11.3.1/thumb/v7e-m+fp/hard/crt0.o
LOAD stm_timer_ll.o
LOAD stm_adc_ll.o
LOAD MicroMouseTemplate.o
LOAD MicroMouseTemplate_data.o
LOAD ert_main.o
LOAD IMU.o
LOAD CustomWhile.o
LOAD Motors.o
LOAD overrideHALDelay.o
LOAD platform_timer.o
LOAD SysTickScheduler.o
LOAD m3m4m4f_multitasking.o
LOAD main.o
LOAD gpio.o
LOAD adc.o
LOAD dma.o
LOAD i2c.o
LOAD tim.o
LOAD usart.o
LOAD usb_device.o
LOAD usbd_conf.o
LOAD usbd_desc.o
LOAD usbd_cdc_if.o
LOAD stm32l4xx_it.o
LOAD stm32l4xx_hal_msp.o
LOAD stm32l4xx_hal_timebase_tim.o
LOAD stm32l4xx_ll_utils.o
LOAD stm32l4xx_ll_exti.o
LOAD stm32l4xx_ll_gpio.o
LOAD stm32l4xx_hal_pcd.o
LOAD stm32l4xx_hal_pcd_ex.o
LOAD stm32l4xx_ll_usb.o
LOAD stm32l4xx_hal.o
LOAD stm32l4xx_hal_rcc.o
LOAD stm32l4xx_hal_rcc_ex.o
LOAD stm32l4xx_hal_flash.o
LOAD stm32l4xx_hal_flash_ex.o
LOAD stm32l4xx_hal_flash_ramfunc.o
LOAD stm32l4xx_hal_gpio.o
LOAD stm32l4xx_hal_i2c.o
LOAD stm32l4xx_hal_i2c_ex.o
LOAD stm32l4xx_hal_dma.o
LOAD stm32l4xx_hal_dma_ex.o
LOAD stm32l4xx_hal_pwr.o
LOAD stm32l4xx_hal_pwr_ex.o
LOAD stm32l4xx_hal_cortex.o
LOAD stm32l4xx_hal_exti.o
LOAD stm32l4xx_ll_adc.o
LOAD stm32l4xx_ll_dma.o
LOAD stm32l4xx_hal_tim.o
LOAD stm32l4xx_hal_tim_ex.o
LOAD stm32l4xx_ll_tim.o
LOAD stm32l4xx_ll_usart.o
LOAD stm32l4xx_ll_rcc.o
LOAD usbd_core.o
LOAD usbd_ctlreq.o
LOAD usbd_ioreq.o
LOAD usbd_cdc.o
LOAD system_stm32l4xx.o
LOAD syscalls.o
LOAD sysmem.o
LOAD startup_stm32l476vetx.o
LOAD code_profiling_utility_functions.o
LOAD C:/ProgramData/MATLAB/SupportPackages/R2024a/3P.instrset/cmsis_dsp.instrset/Lib/GCC/arm_cortexm4ldfsp_math/libCMSISDSP.a
LOAD c:/programdata/matlab/supportpackages/r2024a/3p.instrset/gnuarm-armcortex.instrset/win/bin/../lib/gcc/arm-none-eabi/11.3.1/thumb/v7e-m+fp/hard\libstdc++_nano.a
LOAD c:/programdata/matlab/supportpackages/r2024a/3p.instrset/gnuarm-armcortex.instrset/win/bin/../lib/gcc/arm-none-eabi/11.3.1/thumb/v7e-m+fp/hard\libm.a
START GROUP
LOAD c:/programdata/matlab/supportpackages/r2024a/3p.instrset/gnuarm-armcortex.instrset/win/bin/../lib/gcc/arm-none-eabi/11.3.1/thumb/v7e-m+fp/hard\libgcc.a
LOAD c:/programdata/matlab/supportpackages/r2024a/3p.instrset/gnuarm-armcortex.instrset/win/bin/../lib/gcc/arm-none-eabi/11.3.1/thumb/v7e-m+fp/hard\libc_nano.a
END GROUP
START GROUP
LOAD c:/programdata/matlab/supportpackages/r2024a/3p.instrset/gnuarm-armcortex.instrset/win/bin/../lib/gcc/arm-none-eabi/11.3.1/thumb/v7e-m+fp/hard\libgcc.a
LOAD c:/programdata/matlab/supportpackages/r2024a/3p.instrset/gnuarm-armcortex.instrset/win/bin/../lib/gcc/arm-none-eabi/11.3.1/thumb/v7e-m+fp/hard\libc_nano.a
LOAD c:/programdata/matlab/supportpackages/r2024a/3p.instrset/gnuarm-armcortex.instrset/win/bin/../lib/gcc/arm-none-eabi/11.3.1/thumb/v7e-m+fp/hard\libnosys.a
END GROUP
START GROUP
LOAD c:/programdata/matlab/supportpackages/r2024a/3p.instrset/gnuarm-armcortex.instrset/win/bin/../lib/gcc/arm-none-eabi/11.3.1/thumb/v7e-m+fp/hard\libgcc.a
LOAD c:/programdata/matlab/supportpackages/r2024a/3p.instrset/gnuarm-armcortex.instrset/win/bin/../lib/gcc/arm-none-eabi/11.3.1/thumb/v7e-m+fp/hard\libc_nano.a
LOAD c:/programdata/matlab/supportpackages/r2024a/3p.instrset/gnuarm-armcortex.instrset/win/bin/../lib/gcc/arm-none-eabi/11.3.1/thumb/v7e-m+fp/hard\libnosys.a
END GROUP
LOAD c:/programdata/matlab/supportpackages/r2024a/3p.instrset/gnuarm-armcortex.instrset/win/bin/../lib/gcc/arm-none-eabi/11.3.1/thumb/v7e-m+fp/hard/crtend.o
LOAD c:/programdata/matlab/supportpackages/r2024a/3p.instrset/gnuarm-armcortex.instrset/win/bin/../lib/gcc/arm-none-eabi/11.3.1/thumb/v7e-m+fp/hard/crtn.o
                0x20018000                _estack = (ORIGIN (RAM) + LENGTH (RAM))
                0x00000200                _Min_Heap_Size = 0x200
                0x00000400                _Min_Stack_Size = 0x400

.isr_vector     0x08000000      0x188
                0x08000000                . = ALIGN (0x4)
 *(.isr_vector)
 .isr_vector    0x08000000      0x188 startup_stm32l476vetx.o
                0x08000000                g_pfnVectors
                0x08000188                . = ALIGN (0x4)

.text           0x08000188    0x10184
                0x08000188                . = ALIGN (0x4)
 *(.text)
 .text          0x08000188      0x378 c:/programdata/matlab/supportpackages/r2024a/3p.instrset/gnuarm-armcortex.instrset/win/bin/../lib/gcc/arm-none-eabi/11.3.1/thumb/v7e-m+fp/hard\libgcc.a(_arm_addsubdf3.o)
                0x08000188                __aeabi_drsub
                0x08000190                __aeabi_dsub
                0x08000190                __subdf3
                0x08000194                __aeabi_dadd
                0x08000194                __adddf3
                0x0800040c                __floatunsidf
                0x0800040c                __aeabi_ui2d
                0x0800042c                __floatsidf
                0x0800042c                __aeabi_i2d
                0x08000450                __aeabi_f2d
                0x08000450                __extendsfdf2
                0x08000494                __floatundidf
                0x08000494                __aeabi_ul2d
                0x080004a4                __floatdidf
                0x080004a4                __aeabi_l2d
 .text          0x08000500      0x424 c:/programdata/matlab/supportpackages/r2024a/3p.instrset/gnuarm-armcortex.instrset/win/bin/../lib/gcc/arm-none-eabi/11.3.1/thumb/v7e-m+fp/hard\libgcc.a(_arm_muldivdf3.o)
                0x08000500                __aeabi_dmul
                0x08000500                __muldf3
                0x08000754                __divdf3
                0x08000754                __aeabi_ddiv
 .text          0x08000924      0x110 c:/programdata/matlab/supportpackages/r2024a/3p.instrset/gnuarm-armcortex.instrset/win/bin/../lib/gcc/arm-none-eabi/11.3.1/thumb/v7e-m+fp/hard\libgcc.a(_arm_cmpdf2.o)
                0x08000924                __gtdf2
                0x08000924                __gedf2
                0x0800092c                __ltdf2
                0x0800092c                __ledf2
                0x08000934                __nedf2
                0x08000934                __eqdf2
                0x08000934                __cmpdf2
                0x080009b0                __aeabi_cdrcmple
                0x080009c0                __aeabi_cdcmpeq
                0x080009c0                __aeabi_cdcmple
                0x080009d0                __aeabi_dcmpeq
                0x080009e4                __aeabi_dcmplt
                0x080009f8                __aeabi_dcmple
                0x08000a0c                __aeabi_dcmpge
                0x08000a20                __aeabi_dcmpgt
 .text          0x08000a34       0x2c c:/programdata/matlab/supportpackages/r2024a/3p.instrset/gnuarm-armcortex.instrset/win/bin/../lib/gcc/arm-none-eabi/11.3.1/thumb/v7e-m+fp/hard\libgcc.a(_arm_unorddf2.o)
                0x08000a34                __unorddf2
                0x08000a34                __aeabi_dcmpun
 .text          0x08000a60       0x40 c:/programdata/matlab/supportpackages/r2024a/3p.instrset/gnuarm-armcortex.instrset/win/bin/../lib/gcc/arm-none-eabi/11.3.1/thumb/v7e-m+fp/hard\libgcc.a(_arm_fixunsdfsi.o)
                0x08000a60                __aeabi_d2uiz
                0x08000a60                __fixunsdfsi
 *(.text*)
 .text.deregister_tm_clones
                0x08000aa0       0x1c c:/programdata/matlab/supportpackages/r2024a/3p.instrset/gnuarm-armcortex.instrset/win/bin/../lib/gcc/arm-none-eabi/11.3.1/thumb/v7e-m+fp/hard/crtbegin.o
 .text.register_tm_clones
                0x08000abc       0x24 c:/programdata/matlab/supportpackages/r2024a/3p.instrset/gnuarm-armcortex.instrset/win/bin/../lib/gcc/arm-none-eabi/11.3.1/thumb/v7e-m+fp/hard/crtbegin.o
 .text.__do_global_dtors_aux
                0x08000ae0       0x28 c:/programdata/matlab/supportpackages/r2024a/3p.instrset/gnuarm-armcortex.instrset/win/bin/../lib/gcc/arm-none-eabi/11.3.1/thumb/v7e-m+fp/hard/crtbegin.o
 .text.frame_dummy
                0x08000b08       0x24 c:/programdata/matlab/supportpackages/r2024a/3p.instrset/gnuarm-armcortex.instrset/win/bin/../lib/gcc/arm-none-eabi/11.3.1/thumb/v7e-m+fp/hard/crtbegin.o
 .text.LL_TIM_GetCounterMode
                0x08000b2c       0x30 stm_timer_ll.o
 .text.LL_TIM_GetRepetitionCounter
                0x08000b5c       0x18 stm_timer_ll.o
 .text.LL_TIM_CC_EnableChannel
                0x08000b74       0x22 stm_timer_ll.o
 .text.LL_TIM_CC_DisableChannel
                0x08000b96       0x24 stm_timer_ll.o
 .text.LL_TIM_EnableAllOutputs
                0x08000bba       0x20 stm_timer_ll.o
 .text.LL_TIM_EnableIT_UPDATE
                0x08000bda       0x20 stm_timer_ll.o
 .text.LL_TIM_DisableIT_UPDATE
                0x08000bfa       0x20 stm_timer_ll.o
 .text.LL_TIM_IsEnabledIT_UPDATE
                0x08000c1a       0x26 stm_timer_ll.o
 .text.LL_TIM_EnableIT_CC1
                0x08000c40       0x20 stm_timer_ll.o
 .text.LL_TIM_DisableIT_CC1
                0x08000c60       0x20 stm_timer_ll.o
 .text.LL_TIM_IsEnabledIT_CC1
                0x08000c80       0x26 stm_timer_ll.o
 .text.LL_TIM_EnableIT_CC2
                0x08000ca6       0x20 stm_timer_ll.o
 .text.LL_TIM_DisableIT_CC2
                0x08000cc6       0x20 stm_timer_ll.o
 .text.LL_TIM_IsEnabledIT_CC2
                0x08000ce6       0x26 stm_timer_ll.o
 .text.LL_TIM_EnableIT_CC3
                0x08000d0c       0x20 stm_timer_ll.o
 .text.LL_TIM_DisableIT_CC3
                0x08000d2c       0x20 stm_timer_ll.o
 .text.LL_TIM_IsEnabledIT_CC3
                0x08000d4c       0x26 stm_timer_ll.o
 .text.LL_TIM_EnableIT_CC4
                0x08000d72       0x20 stm_timer_ll.o
 .text.LL_TIM_DisableIT_CC4
                0x08000d92       0x20 stm_timer_ll.o
 .text.LL_TIM_IsEnabledIT_CC4
                0x08000db2       0x26 stm_timer_ll.o
 .text.LL_TIM_EnableIT_COM
                0x08000dd8       0x20 stm_timer_ll.o
 .text.LL_TIM_DisableIT_COM
                0x08000df8       0x20 stm_timer_ll.o
 .text.LL_TIM_IsEnabledIT_COM
                0x08000e18       0x26 stm_timer_ll.o
 .text.LL_TIM_EnableIT_TRIG
                0x08000e3e       0x20 stm_timer_ll.o
 .text.LL_TIM_DisableIT_TRIG
                0x08000e5e       0x20 stm_timer_ll.o
 .text.LL_TIM_IsEnabledIT_TRIG
                0x08000e7e       0x26 stm_timer_ll.o
 .text.LL_TIM_EnableIT_BRK
                0x08000ea4       0x20 stm_timer_ll.o
 .text.LL_TIM_DisableIT_BRK
                0x08000ec4       0x20 stm_timer_ll.o
 .text.LL_TIM_IsEnabledIT_BRK
                0x08000ee4       0x26 stm_timer_ll.o
 .text.enableTimerInterrupts
                0x08000f0a      0x134 stm_timer_ll.o
                0x08000f0a                enableTimerInterrupts
 .text.disableTimerInterrupts
                0x0800103e      0x134 stm_timer_ll.o
                0x0800103e                disableTimerInterrupts
 *fill*         0x08001172        0x2 
 .text.enableTimerChannel1
                0x08001174       0xa0 stm_timer_ll.o
                0x08001174                enableTimerChannel1
 .text.disableTimerChannel1
                0x08001214       0xa0 stm_timer_ll.o
                0x08001214                disableTimerChannel1
 .text.enableTimerChannel2
                0x080012b4       0xa0 stm_timer_ll.o
                0x080012b4                enableTimerChannel2
 .text.disableTimerChannel2
                0x08001354       0xa0 stm_timer_ll.o
                0x08001354                disableTimerChannel2
 .text.enableTimerChannel3
                0x080013f4       0xa8 stm_timer_ll.o
                0x080013f4                enableTimerChannel3
 .text.disableTimerChannel3
                0x0800149c       0xa8 stm_timer_ll.o
                0x0800149c                disableTimerChannel3
 .text.enableTimerChannel4
                0x08001544       0x28 stm_timer_ll.o
                0x08001544                enableTimerChannel4
 .text.disableTimerChannel4
                0x0800156c       0x28 stm_timer_ll.o
                0x0800156c                disableTimerChannel4
 .text.Timer_Handle_Init
                0x08001594       0xf0 stm_timer_ll.o
                0x08001594                Timer_Handle_Init
 .text.checkFrequencyAndDutyCycleLimits
                0x08001684       0x44 stm_timer_ll.o
                0x08001684                checkFrequencyAndDutyCycleLimits
 .text.LL_ADC_DMA_GetRegAddr
                0x080016c8       0x30 stm_adc_ll.o
 .text.LL_ADC_REG_IsTriggerSourceSWStart
                0x080016f8       0x26 stm_adc_ll.o
 .text.LL_ADC_REG_SetSequencerLength
                0x0800171e       0x26 stm_adc_ll.o
 .text.LL_ADC_REG_SetDMATransfer
                0x08001744       0x26 stm_adc_ll.o
 .text.LL_ADC_INJ_IsTriggerSourceSWStart
                0x0800176a       0x26 stm_adc_ll.o
 .text.LL_ADC_Enable
                0x08001790       0x28 stm_adc_ll.o
 .text.LL_ADC_Disable
                0x080017b8       0x28 stm_adc_ll.o
 .text.LL_ADC_IsEnabled
                0x080017e0       0x26 stm_adc_ll.o
 .text.LL_ADC_StartCalibration
                0x08001806       0x32 stm_adc_ll.o
 .text.LL_ADC_IsCalibrationOnGoing
                0x08001838       0x28 stm_adc_ll.o
 .text.LL_ADC_REG_StartConversion
                0x08001860       0x28 stm_adc_ll.o
 .text.LL_ADC_INJ_StartConversion
                0x08001888       0x28 stm_adc_ll.o
 .text.LL_ADC_IsActiveFlag_EOS
                0x080018b0       0x26 stm_adc_ll.o
 .text.LL_ADC_IsActiveFlag_OVR
                0x080018d6       0x26 stm_adc_ll.o
 .text.LL_ADC_ClearFlag_OVR
                0x080018fc       0x1a stm_adc_ll.o
 .text.LL_ADC_EnableIT_EOS
                0x08001916       0x20 stm_adc_ll.o
 .text.LL_ADC_EnableIT_JEOS
                0x08001936       0x20 stm_adc_ll.o
 .text.LL_ADC_DisableIT_EOS
                0x08001956       0x20 stm_adc_ll.o
 .text.LL_ADC_DisableIT_OVR
                0x08001976       0x20 stm_adc_ll.o
 .text.LL_ADC_DisableIT_JEOS
                0x08001996       0x20 stm_adc_ll.o
 .text.LL_ADC_DisableIT_AWD1
                0x080019b6       0x20 stm_adc_ll.o
 .text.LL_ADC_IsEnabledIT_OVR
                0x080019d6       0x26 stm_adc_ll.o
 .text.LL_ADC_IsEnabledIT_AWD1
                0x080019fc       0x26 stm_adc_ll.o
 *fill*         0x08001a22        0x2 
 .text.LL_DMA_EnableChannel
                0x08001a24       0x44 stm_adc_ll.o
 .text.LL_DMA_DisableChannel
                0x08001a68       0x44 stm_adc_ll.o
 .text.LL_DMA_GetMode
                0x08001aac       0x34 stm_adc_ll.o
 .text.LL_DMA_SetDataLength
                0x08001ae0       0x4c stm_adc_ll.o
 .text.LL_DMA_ConfigAddresses
                0x08001b2c       0x7c stm_adc_ll.o
 .text.LL_DMA_SetPeriphAddress
                0x08001ba8       0x34 stm_adc_ll.o
 .text.LL_DMA_IsActiveFlag_TC2
                0x08001bdc       0x26 stm_adc_ll.o
 .text.LL_DMA_ClearFlag_TC2
                0x08001c02       0x1a stm_adc_ll.o
 .text.LL_DMA_EnableIT_TC
                0x08001c1c       0x44 stm_adc_ll.o
 .text.LL_DMA_EnableIT_TE
                0x08001c60       0x44 stm_adc_ll.o
 .text.LL_DMA_DisableIT_TC
                0x08001ca4       0x44 stm_adc_ll.o
 .text.LL_DMA_DisableIT_HT
                0x08001ce8       0x44 stm_adc_ll.o
 .text.LL_DMA_DisableIT_TE
                0x08001d2c       0x44 stm_adc_ll.o
 .text.LL_DMA_IsEnabledIT_TC
                0x08001d70       0x3c stm_adc_ll.o
 .text.regularADCTrigger
                0x08001dac       0x86 stm_adc_ll.o
 .text.configure_ADCs_DMA
                0x08001e32       0x64 stm_adc_ll.o
 .text.deconfigure_ADCs_DMA
                0x08001e96       0x3e stm_adc_ll.o
 .text.copyADCChannelsFromDMABuffer
                0x08001ed4       0x54 stm_adc_ll.o
 .text.ADC_IsEnabledDMAITTransferComplete
                0x08001f28       0xa2 stm_adc_ll.o
                0x08001f28                ADC_IsEnabledDMAITTransferComplete
 *fill*         0x08001fca        0x2 
 .text.DMA1_Channel2_IRQHandler
                0x08001fcc       0x20 stm_adc_ll.o
                0x08001fcc                DMA1_Channel2_IRQHandler
 .text.ADC_IsActiveFlagOVR
                0x08001fec       0x42 stm_adc_ll.o
                0x08001fec                ADC_IsActiveFlagOVR
 .text.startADCConversionForExternalTrigger
                0x0800202e       0x50 stm_adc_ll.o
                0x0800202e                startADCConversionForExternalTrigger
 *fill*         0x0800207e        0x2 
 .text.ADC_Handle_Init
                0x08002080      0x11c stm_adc_ll.o
                0x08002080                ADC_Handle_Init
 .text.enableADC
                0x0800219c       0x2a stm_adc_ll.o
                0x0800219c                enableADC
 .text.regularReadADCDMA
                0x080021c6       0xb2 stm_adc_ll.o
                0x080021c6                regularReadADCDMA
 .text.ADC_Handle_Deinit
                0x08002278       0xee stm_adc_ll.o
                0x08002278                ADC_Handle_Deinit
 *fill*         0x08002366        0x2 
 .text.enableADCAutomaticCalibrationOffset
                0x08002368      0x114 stm_adc_ll.o
                0x08002368                enableADCAutomaticCalibrationOffset
 .text.LL_TIM_EnableCounter
                0x0800247c       0x20 MicroMouseTemplate.o
 .text.LL_TIM_DisableCounter
                0x0800249c       0x20 MicroMouseTemplate.o
 .text.LL_TIM_SetUpdateSource
                0x080024bc       0x26 MicroMouseTemplate.o
 .text.LL_TIM_GetUpdateSource
                0x080024e2       0x1c MicroMouseTemplate.o
 .text.LL_TIM_SetRepetitionCounter
                0x080024fe       0x1c MicroMouseTemplate.o
 .text.LL_TIM_OC_SetCompareCH1
                0x0800251a       0x1c MicroMouseTemplate.o
 .text.LL_TIM_OC_SetCompareCH2
                0x08002536       0x1c MicroMouseTemplate.o
 .text.LL_TIM_OC_SetCompareCH3
                0x08002552       0x1c MicroMouseTemplate.o
 .text.LL_TIM_OC_SetCompareCH4
                0x0800256e       0x1c MicroMouseTemplate.o
 .text.LL_TIM_OC_GetCompareCH1
                0x0800258a       0x18 MicroMouseTemplate.o
 .text.LL_TIM_OC_GetCompareCH2
                0x080025a2       0x18 MicroMouseTemplate.o
 .text.LL_TIM_OC_GetCompareCH3
                0x080025ba       0x18 MicroMouseTemplate.o
 .text.LL_TIM_OC_GetCompareCH4
                0x080025d2       0x18 MicroMouseTemplate.o
 .text.LL_TIM_GenerateEvent_UPDATE
                0x080025ea       0x20 MicroMouseTemplate.o
 .text.LL_GPIO_ReadInputPort
                0x0800260a       0x18 MicroMouseTemplate.o
 .text.LL_GPIO_SetOutputPin
                0x08002622       0x1c MicroMouseTemplate.o
 .text.LL_GPIO_ResetOutputPin
                0x0800263e       0x1c MicroMouseTemplate.o
 .text.setDutyCycleChannel1
                0x0800265a       0x30 MicroMouseTemplate.o
 .text.setDutyCycleChannel2
                0x0800268a       0x30 MicroMouseTemplate.o
 .text.setDutyCycleChannel3
                0x080026ba       0x30 MicroMouseTemplate.o
 .text.setDutyCycleChannel4
                0x080026ea       0x30 MicroMouseTemplate.o
 *fill*         0x0800271a        0x2 
 .text.isSlaveTriggerModeEnabled
                0x0800271c       0x30 MicroMouseTemplate.o
 .text.enableCounter
                0x0800274c      0x100 MicroMouseTemplate.o
 .text.disableCounter
                0x0800284c       0x1a MicroMouseTemplate.o
 *fill*         0x08002866        0x2 
 .text.MicroMouseTemplate_SetEventsForThisBaseStep
                0x08002868       0x2c MicroMouseTemplate.o
                0x08002868                MicroMouseTemplate_SetEventsForThisBaseStep
 .text.rate_monotonic_scheduler
                0x08002894       0x3c MicroMouseTemplate.o
 .text.MicroMou_MATLABSystem1_Init
                0x080028d0       0x58 MicroMouseTemplate.o
                0x080028d0                MicroMou_MATLABSystem1_Init
 .text.MicroMouseTem_MATLABSystem1
                0x08002928       0x76 MicroMouseTemplate.o
                0x08002928                MicroMouseTem_MATLABSystem1
 .text.MicroMou_MATLABSystem3_Init
                0x0800299e       0x58 MicroMouseTemplate.o
                0x0800299e                MicroMou_MATLABSystem3_Init
 .text.MicroMouseTem_MATLABSystem3
                0x080029f6       0x76 MicroMouseTemplate.o
                0x080029f6                MicroMouseTem_MATLABSystem3
 .text.enter_atomic_WaitUntilButtonPre
                0x08002a6c       0xa8 MicroMouseTemplate.o
 .text.rt_roundd
                0x08002b14       0xd4 MicroMouseTemplate.o
                0x08002b14                rt_roundd
 .text.MicroMouseTemp_SystemCore_setup
                0x08002be8       0x90 MicroMouseTemplate.o
 .text.MicroMous_PWMOutput_setupImpl_d
                0x08002c78       0x78 MicroMouseTemplate.o
 .text.MicroMouseT_PWMOutput_setupImpl
                0x08002cf0       0x78 MicroMouseTemplate.o
 .text.MicroMouseTemplate_step0
                0x08002d68     0x174c MicroMouseTemplate.o
                0x08002d68                MicroMouseTemplate_step0
 *fill*         0x080044b4        0x4 
 .text.MicroMouseTemplate_step1
                0x080044b8      0x368 MicroMouseTemplate.o
                0x080044b8                MicroMouseTemplate_step1
 .text.MicroMouseTemplate_initialize
                0x08004820      0x24c MicroMouseTemplate.o
                0x08004820                MicroMouseTemplate_initialize
 .text.MicroMouseTemplate_terminate
                0x08004a6c       0xdc MicroMouseTemplate.o
                0x08004a6c                MicroMouseTemplate_terminate
 .text.store_code_profiling_data_point
                0x08004b48       0x94 ert_main.o
                0x08004b48                store_code_profiling_data_point
 .text.code_profiling_atomic_read_store
                0x08004bdc       0x2e ert_main.o
                0x08004bdc                code_profiling_atomic_read_store
 *fill*         0x08004c0a        0x2 
 .text.rt_OneStep
                0x08004c0c       0xe4 ert_main.o
                0x08004c0c                rt_OneStep
 .text.main     0x08004cf0      0x100 ert_main.o
                0x08004cf0                main
 .text.signNumber16
                0x08004df0       0x2c IMU.o
                0x08004df0                signNumber16
 .text.ReadMem  0x08004e1c       0x54 IMU.o
 .text.refreshIMUValues
                0x08004e70      0x128 IMU.o
                0x08004e70                refreshIMUValues
 .text.initIMU  0x08004f98       0x9c IMU.o
                0x08004f98                initIMU
 .text.UnInterruptable
                0x08005034       0x3c CustomWhile.o
                0x08005034                UnInterruptable
 .text.Interruptable
                0x08005070       0x2c CustomWhile.o
                0x08005070                Interruptable
 .text.CustomWhile
                0x0800509c      0x46c CustomWhile.o
                0x0800509c                CustomWhile
 .text.HAL_Delay
                0x08005508       0x2e overrideHALDelay.o
                0x08005508                HAL_Delay
 *fill*         0x08005536        0x2 
 .text.getCurrentTimestampInMicros
                0x08005538       0x40 platform_timer.o
                0x08005538                getCurrentTimestampInMicros
 .text.__NVIC_SetPriority
                0x08005578       0x54 SysTickScheduler.o
 .text.SysTick_Config
                0x080055cc       0x44 SysTickScheduler.o
 .text.SysTick_Isr
                0x08005610       0x48 SysTickScheduler.o
 .text.SysTick_Handler
                0x08005658       0x20 SysTickScheduler.o
                0x08005658                SysTick_Handler
 .text.ARMCM_SysTick_Config
                0x08005678       0xb0 SysTickScheduler.o
                0x08005678                ARMCM_SysTick_Config
 .text.PendSV_Handler
                0x08005728       0x44 m3m4m4f_multitasking.o
                0x08005728                PendSV_Handler
 .text.SVC_Handler
                0x0800576c       0x58 m3m4m4f_multitasking.o
                0x0800576c                SVC_Handler
 .text.LL_RCC_HSE_EnableCSS
                0x080057c4       0x20 main.o
 .text.LL_RCC_HSE_Enable
                0x080057e4       0x20 main.o
 .text.LL_RCC_HSE_IsReady
                0x08005804       0x28 main.o
 .text.LL_RCC_SetSysClkSource
                0x0800582c       0x28 main.o
 .text.LL_RCC_GetSysClkSource
                0x08005854       0x1c main.o
 .text.LL_RCC_SetAHBPrescaler
                0x08005870       0x28 main.o
 .text.LL_RCC_SetAPB1Prescaler
                0x08005898       0x28 main.o
 .text.LL_RCC_SetAPB2Prescaler
                0x080058c0       0x28 main.o
 .text.LL_RCC_PLL_Enable
                0x080058e8       0x20 main.o
 .text.LL_RCC_PLL_IsReady
                0x08005908       0x28 main.o
 .text.LL_RCC_PLL_ConfigDomain_SYS
                0x08005930       0x40 main.o
 .text.LL_RCC_PLL_EnableDomain_SYS
                0x08005970       0x20 main.o
 .text.LL_RCC_PLLSAI1_Enable
                0x08005990       0x20 main.o
 .text.LL_RCC_PLLSAI1_IsReady
                0x080059b0       0x28 main.o
 .text.LL_RCC_PLLSAI1_ConfigDomain_48M
                0x080059d8       0x4c main.o
 .text.LL_RCC_PLLSAI1_EnableDomain_48M
                0x08005a24       0x20 main.o
 .text.LL_FLASH_SetLatency
                0x08005a44       0x28 main.o
 .text.LL_FLASH_GetLatency
                0x08005a6c       0x1c main.o
 .text.LL_PWR_SetRegulVoltageScaling
                0x08005a88       0x28 main.o
 .text.LL_PWR_IsActiveFlag_VOS
                0x08005ab0       0x28 main.o
 .text.SystemClock_Config
                0x08005ad8       0xa0 main.o
                0x08005ad8                SystemClock_Config
 .text.PeriphCommonClock_Config
                0x08005b78       0x2a main.o
                0x08005b78                PeriphCommonClock_Config
 *fill*         0x08005ba2        0x2 
 .text.HAL_TIM_PeriodElapsedCallback
                0x08005ba4       0x24 main.o
                0x08005ba4                HAL_TIM_PeriodElapsedCallback
 .text.Error_Handler
                0x08005bc8        0xa main.o
                0x08005bc8                Error_Handler
 *fill*         0x08005bd2        0x2 
 .text.LL_AHB2_GRP1_EnableClock
                0x08005bd4       0x30 gpio.o
 .text.LL_GPIO_SetOutputPin
                0x08005c04       0x1c gpio.o
 .text.LL_GPIO_ResetOutputPin
                0x08005c20       0x1c gpio.o
 .text.MX_GPIO_Init
                0x08005c3c      0x1dc gpio.o
                0x08005c3c                MX_GPIO_Init
 .text.__NVIC_GetPriorityGrouping
                0x08005e18       0x1c adc.o
 .text.__NVIC_EnableIRQ
                0x08005e34       0x3c adc.o
 .text.__NVIC_SetPriority
                0x08005e70       0x54 adc.o
 .text.NVIC_EncodePriority
                0x08005ec4       0x66 adc.o
 .text.LL_ADC_SetCommonPathInternalCh
                0x08005f2a       0x26 adc.o
 .text.LL_ADC_REG_SetSequencerRanks
                0x08005f50       0x58 adc.o
 .text.LL_ADC_SetChannelSamplingTime
                0x08005fa8       0x56 adc.o
 *fill*         0x08005ffe        0x2 
 .text.LL_ADC_SetChannelSingleDiff
                0x08006000       0x48 adc.o
 .text.LL_ADC_SetOverSamplingScope
                0x08006048       0x2a adc.o
 .text.LL_ADC_SetOverSamplingDiscont
                0x08006072       0x26 adc.o
 .text.LL_ADC_ConfigOverSamplingRatioShift
                0x08006098       0x2c adc.o
 .text.LL_ADC_DisableDeepPowerDown
                0x080060c4       0x24 adc.o
 .text.LL_ADC_EnableInternalRegulator
                0x080060e8       0x28 adc.o
 .text.LL_DMA_SetDataTransferDirection
                0x08006110       0x50 adc.o
 .text.LL_DMA_SetMode
                0x08006160       0x4c adc.o
 .text.LL_DMA_SetPeriphIncMode
                0x080061ac       0x4c adc.o
 .text.LL_DMA_SetMemoryIncMode
                0x080061f8       0x4c adc.o
 .text.LL_DMA_SetPeriphSize
                0x08006244       0x4c adc.o
 .text.LL_DMA_SetMemorySize
                0x08006290       0x4c adc.o
 .text.LL_DMA_SetChannelPriorityLevel
                0x080062dc       0x4c adc.o
 .text.LL_DMA_SetPeriphRequest
                0x08006328       0x64 adc.o
 .text.LL_RCC_SetADCClockSource
                0x0800638c       0x2c adc.o
 .text.LL_AHB2_GRP1_EnableClock
                0x080063b8       0x30 adc.o
 .text.LL_GPIO_EnablePinAnalogControl
                0x080063e8       0x22 adc.o
 *fill*         0x0800640a        0x2 
 .text.MX_ADC1_Init
                0x0800640c      0x348 adc.o
                0x0800640c                MX_ADC1_Init
 .text.MX_ADC2_Init
                0x08006754      0x334 adc.o
                0x08006754                MX_ADC2_Init
 .text.__NVIC_GetPriorityGrouping
                0x08006a88       0x1c dma.o
 .text.__NVIC_EnableIRQ
                0x08006aa4       0x3c dma.o
 .text.__NVIC_SetPriority
                0x08006ae0       0x54 dma.o
 .text.NVIC_EncodePriority
                0x08006b34       0x66 dma.o
 *fill*         0x08006b9a        0x2 
 .text.LL_AHB1_GRP1_EnableClock
                0x08006b9c       0x30 dma.o
 .text.MX_DMA_Init
                0x08006bcc       0x8e dma.o
                0x08006bcc                MX_DMA_Init
 *fill*         0x08006c5a        0x2 
 .text.LL_RCC_SetI2CClockSource
                0x08006c5c       0x50 i2c.o
 .text.MX_I2C2_Init
                0x08006cac       0x80 i2c.o
                0x08006cac                MX_I2C2_Init
 .text.HAL_I2C_MspInit
                0x08006d2c       0x90 i2c.o
                0x08006d2c                HAL_I2C_MspInit
 .text.LL_AHB2_GRP1_EnableClock
                0x08006dbc       0x30 tim.o
 .text.LL_APB1_GRP1_EnableClock
                0x08006dec       0x30 tim.o
 .text.LL_TIM_EnableARRPreload
                0x08006e1c       0x20 tim.o
 .text.LL_TIM_OC_DisableFast
                0x08006e3c       0xa4 tim.o
 .text.LL_TIM_OC_EnablePreload
                0x08006ee0       0xa0 tim.o
 .text.LL_TIM_DisableExternalClock
                0x08006f80       0x20 tim.o
 .text.LL_TIM_SetClockSource
                0x08006fa0       0x2a tim.o
 .text.LL_TIM_SetTriggerOutput
                0x08006fca       0x26 tim.o
 .text.LL_TIM_DisableMasterSlaveMode
                0x08006ff0       0x20 tim.o
 .text.LL_TIM_ConfigETR
                0x08007010       0x32 tim.o
 .text.LL_TIM_SetOCRefClearInputSource
                0x08007042       0x26 tim.o
 .text.MX_TIM3_Init
                0x08007068      0x160 tim.o
                0x08007068                MX_TIM3_Init
 .text.MX_TIM4_Init
                0x080071c8       0x9c tim.o
                0x080071c8                MX_TIM4_Init
 .text.HAL_TIM_Base_MspInit
                0x08007264       0x4c tim.o
                0x08007264                HAL_TIM_Base_MspInit
 .text.LL_DMA_SetDataTransferDirection
                0x080072b0       0x50 usart.o
 .text.LL_DMA_SetMode
                0x08007300       0x4c usart.o
 .text.LL_DMA_SetPeriphIncMode
                0x0800734c       0x4c usart.o
 .text.LL_DMA_SetMemoryIncMode
                0x08007398       0x4c usart.o
 .text.LL_DMA_SetPeriphSize
                0x080073e4       0x4c usart.o
 .text.LL_DMA_SetMemorySize
                0x08007430       0x4c usart.o
 .text.LL_DMA_SetChannelPriorityLevel
                0x0800747c       0x4c usart.o
 .text.LL_DMA_SetPeriphRequest
                0x080074c8       0x64 usart.o
 .text.LL_RCC_SetUSARTClockSource
                0x0800752c       0x34 usart.o
 .text.LL_AHB2_GRP1_EnableClock
                0x08007560       0x30 usart.o
 .text.LL_APB1_GRP1_EnableClock
                0x08007590       0x30 usart.o
 .text.LL_USART_Enable
                0x080075c0       0x20 usart.o
 .text.LL_USART_ConfigAsyncMode
                0x080075e0       0x2c usart.o
 .text.MX_USART2_UART_Init
                0x0800760c      0x14c usart.o
                0x0800760c                MX_USART2_UART_Init
 .text.MX_USB_DEVICE_Init
                0x08007758       0x60 usb_device.o
                0x08007758                MX_USB_DEVICE_Init
 .text.LL_RCC_SetUSBClockSource
                0x080077b8       0x2c usbd_conf.o
 .text.HAL_PCD_MspInit
                0x080077e4       0xf0 usbd_conf.o
                0x080077e4                HAL_PCD_MspInit
 .text.HAL_PCD_SetupStageCallback
                0x080078d4       0x24 usbd_conf.o
                0x080078d4                HAL_PCD_SetupStageCallback
 .text.HAL_PCD_DataOutStageCallback
                0x080078f8       0x36 usbd_conf.o
                0x080078f8                HAL_PCD_DataOutStageCallback
 .text.HAL_PCD_DataInStageCallback
                0x0800792e       0x34 usbd_conf.o
                0x0800792e                HAL_PCD_DataInStageCallback
 .text.HAL_PCD_SOFCallback
                0x08007962       0x1c usbd_conf.o
                0x08007962                HAL_PCD_SOFCallback
 .text.HAL_PCD_ResetCallback
                0x0800797e       0x3c usbd_conf.o
                0x0800797e                HAL_PCD_ResetCallback
 *fill*         0x080079ba        0x2 
 .text.HAL_PCD_SuspendCallback
                0x080079bc       0x4c usbd_conf.o
                0x080079bc                HAL_PCD_SuspendCallback
 .text.HAL_PCD_ResumeCallback
                0x08007a08       0x50 usbd_conf.o
                0x08007a08                HAL_PCD_ResumeCallback
 .text.HAL_PCD_ISOOUTIncompleteCallback
                0x08007a58       0x24 usbd_conf.o
                0x08007a58                HAL_PCD_ISOOUTIncompleteCallback
 .text.HAL_PCD_ISOINIncompleteCallback
                0x08007a7c       0x24 usbd_conf.o
                0x08007a7c                HAL_PCD_ISOINIncompleteCallback
 .text.HAL_PCD_ConnectCallback
                0x08007aa0       0x1c usbd_conf.o
                0x08007aa0                HAL_PCD_ConnectCallback
 .text.HAL_PCD_DisconnectCallback
                0x08007abc       0x1c usbd_conf.o
                0x08007abc                HAL_PCD_DisconnectCallback
 .text.USBD_LL_Init
                0x08007ad8       0x98 usbd_conf.o
                0x08007ad8                USBD_LL_Init
 .text.USBD_LL_Start
                0x08007b70       0x64 usbd_conf.o
                0x08007b70                USBD_LL_Start
 .text.USBD_LL_OpenEP
                0x08007bd4       0x7c usbd_conf.o
                0x08007bd4                USBD_LL_OpenEP
 .text.USBD_LL_CloseEP
                0x08007c50       0x6c usbd_conf.o
                0x08007c50                USBD_LL_CloseEP
 .text.USBD_LL_StallEP
                0x08007cbc       0x6c usbd_conf.o
                0x08007cbc                USBD_LL_StallEP
 .text.USBD_LL_ClearStallEP
                0x08007d28       0x6c usbd_conf.o
                0x08007d28                USBD_LL_ClearStallEP
 .text.USBD_LL_IsStallEP
                0x08007d94       0x58 usbd_conf.o
                0x08007d94                USBD_LL_IsStallEP
 .text.USBD_LL_SetUSBAddress
                0x08007dec       0x6c usbd_conf.o
                0x08007dec                USBD_LL_SetUSBAddress
 .text.USBD_LL_Transmit
                0x08007e58       0x70 usbd_conf.o
                0x08007e58                USBD_LL_Transmit
 .text.USBD_LL_PrepareReceive
                0x08007ec8       0x70 usbd_conf.o
                0x08007ec8                USBD_LL_PrepareReceive
 .text.USBD_LL_GetRxDataSize
                0x08007f38       0x26 usbd_conf.o
                0x08007f38                USBD_LL_GetRxDataSize
 *fill*         0x08007f5e        0x2 
 .text.HAL_PCDEx_LPM_Callback
                0x08007f60       0x9c usbd_conf.o
                0x08007f60                HAL_PCDEx_LPM_Callback
 .text.USBD_static_malloc
                0x08007ffc       0x1c usbd_conf.o
                0x08007ffc                USBD_static_malloc
 .text.USBD_static_free
                0x08008018       0x14 usbd_conf.o
                0x08008018                USBD_static_free
 .text.SystemClockConfig_Resume
                0x0800802c        0xc usbd_conf.o
 .text.USBD_FS_DeviceDescriptor
                0x08008038       0x24 usbd_desc.o
                0x08008038                USBD_FS_DeviceDescriptor
 .text.USBD_FS_LangIDStrDescriptor
                0x0800805c       0x24 usbd_desc.o
                0x0800805c                USBD_FS_LangIDStrDescriptor
 .text.USBD_FS_ProductStrDescriptor
                0x08008080       0x3c usbd_desc.o
                0x08008080                USBD_FS_ProductStrDescriptor
 .text.USBD_FS_ManufacturerStrDescriptor
                0x080080bc       0x28 usbd_desc.o
                0x080080bc                USBD_FS_ManufacturerStrDescriptor
 .text.USBD_FS_SerialStrDescriptor
                0x080080e4       0x24 usbd_desc.o
                0x080080e4                USBD_FS_SerialStrDescriptor
 .text.USBD_FS_ConfigStrDescriptor
                0x08008108       0x3c usbd_desc.o
                0x08008108                USBD_FS_ConfigStrDescriptor
 .text.USBD_FS_InterfaceStrDescriptor
                0x08008144       0x3c usbd_desc.o
                0x08008144                USBD_FS_InterfaceStrDescriptor
 .text.USBD_FS_USR_BOSDescriptor
                0x08008180       0x24 usbd_desc.o
                0x08008180                USBD_FS_USR_BOSDescriptor
 .text.Get_SerialNum
                0x080081a4       0x58 usbd_desc.o
 .text.IntToUnicode
                0x080081fc       0x7e usbd_desc.o
 *fill*         0x0800827a        0x2 
 .text.CDC_Init_FS
                0x0800827c       0x28 usbd_cdc_if.o
 .text.CDC_DeInit_FS
                0x080082a4       0x10 usbd_cdc_if.o
 .text.CDC_Control_FS
                0x080082b4       0xbc usbd_cdc_if.o
 .text.CDC_Receive_FS
                0x08008370       0x48 usbd_cdc_if.o
 .text.CDC_Transmit_FS
                0x080083b8       0x4c usbd_cdc_if.o
                0x080083b8                CDC_Transmit_FS
 .text.CDC_TransmitCplt_FS
                0x08008404       0x22 usbd_cdc_if.o
 .text.NMI_Handler
                0x08008426        0x6 stm32l4xx_it.o
                0x08008426                NMI_Handler
 .text.HardFault_Handler
                0x0800842c        0x6 stm32l4xx_it.o
                0x0800842c                HardFault_Handler
 .text.MemManage_Handler
                0x08008432        0x6 stm32l4xx_it.o
                0x08008432                MemManage_Handler
 .text.BusFault_Handler
                0x08008438        0x6 stm32l4xx_it.o
                0x08008438                BusFault_Handler
 .text.UsageFault_Handler
                0x0800843e        0x6 stm32l4xx_it.o
                0x0800843e                UsageFault_Handler
 .text.DebugMon_Handler
                0x08008444        0xe stm32l4xx_it.o
                0x08008444                DebugMon_Handler
 .text.DMA1_Channel1_IRQHandler
                0x08008452        0xe stm32l4xx_it.o
                0x08008452                DMA1_Channel1_IRQHandler
 .text.DMA1_Channel6_IRQHandler
                0x08008460        0xe stm32l4xx_it.o
                0x08008460                DMA1_Channel6_IRQHandler
 .text.DMA1_Channel7_IRQHandler
                0x0800846e        0xe stm32l4xx_it.o
                0x0800846e                DMA1_Channel7_IRQHandler
 .text.ADC1_2_IRQHandler
                0x0800847c        0xe stm32l4xx_it.o
                0x0800847c                ADC1_2_IRQHandler
 *fill*         0x0800848a        0x2 
 .text.TIM1_UP_TIM16_IRQHandler
                0x0800848c       0x14 stm32l4xx_it.o
                0x0800848c                TIM1_UP_TIM16_IRQHandler
 .text.OTG_FS_IRQHandler
                0x080084a0       0x14 stm32l4xx_it.o
                0x080084a0                OTG_FS_IRQHandler
 .text.HAL_MspInit
                0x080084b4       0x48 stm32l4xx_hal_msp.o
                0x080084b4                HAL_MspInit
 .text.HAL_InitTick
                0x080084fc       0xdc stm32l4xx_hal_timebase_tim.o
                0x080084fc                HAL_InitTick
 .text.LL_SetSystemCoreClock
                0x080085d8       0x20 stm32l4xx_ll_utils.o
                0x080085d8                LL_SetSystemCoreClock
 .text.LL_GPIO_SetPinMode
                0x080085f8       0x7a stm32l4xx_ll_gpio.o
 .text.LL_GPIO_SetPinOutputType
                0x08008672       0x30 stm32l4xx_ll_gpio.o
 .text.LL_GPIO_SetPinSpeed
                0x080086a2       0x7a stm32l4xx_ll_gpio.o
 .text.LL_GPIO_SetPinPull
                0x0800871c       0x7a stm32l4xx_ll_gpio.o
 .text.LL_GPIO_SetAFPin_0_7
                0x08008796       0x7a stm32l4xx_ll_gpio.o
 .text.LL_GPIO_SetAFPin_8_15
                0x08008810       0x7e stm32l4xx_ll_gpio.o
 .text.LL_GPIO_Init
                0x0800888e       0xdc stm32l4xx_ll_gpio.o
                0x0800888e                LL_GPIO_Init
 .text.HAL_PCD_Init
                0x0800896a      0x248 stm32l4xx_hal_pcd.o
                0x0800896a                HAL_PCD_Init
 .text.HAL_PCD_Start
                0x08008bb2       0x5e stm32l4xx_hal_pcd.o
                0x08008bb2                HAL_PCD_Start
 .text.HAL_PCD_IRQHandler
                0x08008c10      0x926 stm32l4xx_hal_pcd.o
                0x08008c10                HAL_PCD_IRQHandler
 .text.HAL_PCD_SetAddress
                0x08009536       0x4a stm32l4xx_hal_pcd.o
                0x08009536                HAL_PCD_SetAddress
 .text.HAL_PCD_EP_Open
                0x08009580       0xd0 stm32l4xx_hal_pcd.o
                0x08009580                HAL_PCD_EP_Open
 .text.HAL_PCD_EP_Close
                0x08009650       0x94 stm32l4xx_hal_pcd.o
                0x08009650                HAL_PCD_EP_Close
 .text.HAL_PCD_EP_Receive
                0x080096e4       0x7c stm32l4xx_hal_pcd.o
                0x080096e4                HAL_PCD_EP_Receive
 .text.HAL_PCD_EP_GetRxCount
                0x08009760       0x30 stm32l4xx_hal_pcd.o
                0x08009760                HAL_PCD_EP_GetRxCount
 .text.HAL_PCD_EP_Transmit
                0x08009790       0x7a stm32l4xx_hal_pcd.o
                0x08009790                HAL_PCD_EP_Transmit
 .text.HAL_PCD_EP_SetStall
                0x0800980a       0xc4 stm32l4xx_hal_pcd.o
                0x0800980a                HAL_PCD_EP_SetStall
 .text.HAL_PCD_EP_ClrStall
                0x080098ce       0xac stm32l4xx_hal_pcd.o
                0x080098ce                HAL_PCD_EP_ClrStall
 .text.HAL_PCD_EP_Abort
                0x0800997a       0x62 stm32l4xx_hal_pcd.o
                0x0800997a                HAL_PCD_EP_Abort
 .text.PCD_WriteEmptyTxFifo
                0x080099dc      0x110 stm32l4xx_hal_pcd.o
 .text.PCD_EP_OutXfrComplete_int
                0x08009aec       0x9c stm32l4xx_hal_pcd.o
 .text.PCD_EP_OutSetupPacket_int
                0x08009b88       0x68 stm32l4xx_hal_pcd.o
 .text.HAL_PCDEx_SetTxFiFo
                0x08009bf0       0x8e stm32l4xx_hal_pcd_ex.o
                0x08009bf0                HAL_PCDEx_SetTxFiFo
 .text.HAL_PCDEx_SetRxFiFo
                0x08009c7e       0x22 stm32l4xx_hal_pcd_ex.o
                0x08009c7e                HAL_PCDEx_SetRxFiFo
 .text.HAL_PCDEx_ActivateLPM
                0x08009ca0       0x48 stm32l4xx_hal_pcd_ex.o
                0x08009ca0                HAL_PCDEx_ActivateLPM
 .text.USB_CoreInit
                0x08009ce8       0x58 stm32l4xx_ll_usb.o
                0x08009ce8                USB_CoreInit
 .text.USB_SetTurnaroundTime
                0x08009d40      0x138 stm32l4xx_ll_usb.o
                0x08009d40                USB_SetTurnaroundTime
 .text.USB_EnableGlobalInt
                0x08009e78       0x22 stm32l4xx_ll_usb.o
                0x08009e78                USB_EnableGlobalInt
 .text.USB_DisableGlobalInt
                0x08009e9a       0x22 stm32l4xx_ll_usb.o
                0x08009e9a                USB_DisableGlobalInt
 .text.USB_SetCurrentMode
                0x08009ebc       0x98 stm32l4xx_ll_usb.o
                0x08009ebc                USB_SetCurrentMode
 .text.USB_DevInit
                0x08009f54      0x298 stm32l4xx_ll_usb.o
                0x08009f54                USB_DevInit
 .text.USB_FlushTxFifo
                0x0800a1ec       0x68 stm32l4xx_ll_usb.o
                0x0800a1ec                USB_FlushTxFifo
 .text.USB_FlushRxFifo
                0x0800a254       0x60 stm32l4xx_ll_usb.o
                0x0800a254                USB_FlushRxFifo
 .text.USB_SetDevSpeed
                0x0800a2b4       0x32 stm32l4xx_ll_usb.o
                0x0800a2b4                USB_SetDevSpeed
 .text.USB_GetDevSpeed
                0x0800a2e6       0x3e stm32l4xx_ll_usb.o
                0x0800a2e6                USB_GetDevSpeed
 .text.USB_ActivateEndpoint
                0x0800a324      0x10e stm32l4xx_ll_usb.o
                0x0800a324                USB_ActivateEndpoint
 *fill*         0x0800a432        0x2 
 .text.USB_DeactivateEndpoint
                0x0800a434      0x1b8 stm32l4xx_ll_usb.o
                0x0800a434                USB_DeactivateEndpoint
 .text.USB_EPStartXfer
                0x0800a5ec      0x3c0 stm32l4xx_ll_usb.o
                0x0800a5ec                USB_EPStartXfer
 .text.USB_EP0StartXfer
                0x0800a9ac      0x244 stm32l4xx_ll_usb.o
                0x0800a9ac                USB_EP0StartXfer
 .text.USB_EPStopXfer
                0x0800abf0      0x154 stm32l4xx_ll_usb.o
                0x0800abf0                USB_EPStopXfer
 .text.USB_WritePacket
                0x0800ad44       0x74 stm32l4xx_ll_usb.o
                0x0800ad44                USB_WritePacket
 .text.USB_ReadPacket
                0x0800adb8       0xb0 stm32l4xx_ll_usb.o
                0x0800adb8                USB_ReadPacket
 .text.USB_EPSetStall
                0x0800ae68       0xdc stm32l4xx_ll_usb.o
                0x0800ae68                USB_EPSetStall
 .text.USB_EPClearStall
                0x0800af44       0xcc stm32l4xx_ll_usb.o
                0x0800af44                USB_EPClearStall
 .text.USB_SetDevAddress
                0x0800b010       0x4c stm32l4xx_ll_usb.o
                0x0800b010                USB_SetDevAddress
 .text.USB_DevConnect
                0x0800b05c       0x42 stm32l4xx_ll_usb.o
                0x0800b05c                USB_DevConnect
 .text.USB_DevDisconnect
                0x0800b09e       0x42 stm32l4xx_ll_usb.o
                0x0800b09e                USB_DevDisconnect
 .text.USB_ReadInterrupts
                0x0800b0e0       0x26 stm32l4xx_ll_usb.o
                0x0800b0e0                USB_ReadInterrupts
 .text.USB_ReadDevAllOutEpInterrupt
                0x0800b106       0x34 stm32l4xx_ll_usb.o
                0x0800b106                USB_ReadDevAllOutEpInterrupt
 .text.USB_ReadDevAllInEpInterrupt
                0x0800b13a       0x34 stm32l4xx_ll_usb.o
                0x0800b13a                USB_ReadDevAllInEpInterrupt
 .text.USB_ReadDevOutEPInterrupt
                0x0800b16e       0x3c stm32l4xx_ll_usb.o
                0x0800b16e                USB_ReadDevOutEPInterrupt
 .text.USB_ReadDevInEPInterrupt
                0x0800b1aa       0x5c stm32l4xx_ll_usb.o
                0x0800b1aa                USB_ReadDevInEPInterrupt
 .text.USB_GetMode
                0x0800b206       0x1c stm32l4xx_ll_usb.o
                0x0800b206                USB_GetMode
 .text.USB_ActivateSetup
                0x0800b222       0x46 stm32l4xx_ll_usb.o
                0x0800b222                USB_ActivateSetup
 .text.USB_EP0_OutStart
                0x0800b268       0x90 stm32l4xx_ll_usb.o
                0x0800b268                USB_EP0_OutStart
 .text.USB_CoreReset
                0x0800b2f8       0x68 stm32l4xx_ll_usb.o
 .text.HAL_Init
                0x0800b360       0x30 stm32l4xx_hal.o
                0x0800b360                HAL_Init
 .text.HAL_IncTick
                0x0800b390       0x28 stm32l4xx_hal.o
                0x0800b390                HAL_IncTick
 .text.HAL_GetTick
                0x0800b3b8       0x18 stm32l4xx_hal.o
                0x0800b3b8                HAL_GetTick
 .text.HAL_RCC_GetHCLKFreq
                0x0800b3d0       0x18 stm32l4xx_hal_rcc.o
                0x0800b3d0                HAL_RCC_GetHCLKFreq
 .text.HAL_RCC_GetPCLK2Freq
                0x0800b3e8       0x2c stm32l4xx_hal_rcc.o
                0x0800b3e8                HAL_RCC_GetPCLK2Freq
 .text.HAL_RCC_GetClockConfig
                0x0800b414       0x64 stm32l4xx_hal_rcc.o
                0x0800b414                HAL_RCC_GetClockConfig
 .text.HAL_GPIO_Init
                0x0800b478      0x354 stm32l4xx_hal_gpio.o
                0x0800b478                HAL_GPIO_Init
 .text.HAL_GPIO_ReadPin
                0x0800b7cc       0x30 stm32l4xx_hal_gpio.o
                0x0800b7cc                HAL_GPIO_ReadPin
 .text.HAL_I2C_Init
                0x0800b7fc      0x11e stm32l4xx_hal_i2c.o
                0x0800b7fc                HAL_I2C_Init
 *fill*         0x0800b91a        0x2 
 .text.HAL_I2C_Mem_Write
                0x0800b91c      0x228 stm32l4xx_hal_i2c.o
                0x0800b91c                HAL_I2C_Mem_Write
 .text.HAL_I2C_Mem_Read
                0x0800bb44      0x234 stm32l4xx_hal_i2c.o
                0x0800bb44                HAL_I2C_Mem_Read
 .text.I2C_RequestMemoryWrite
                0x0800bd78       0xa8 stm32l4xx_hal_i2c.o
 .text.I2C_RequestMemoryRead
                0x0800be20       0xa8 stm32l4xx_hal_i2c.o
 .text.I2C_Flush_TXDR
                0x0800bec8       0x48 stm32l4xx_hal_i2c.o
 .text.I2C_WaitOnFlagUntilTimeout
                0x0800bf10       0x80 stm32l4xx_hal_i2c.o
 .text.I2C_WaitOnTXISFlagUntilTimeout
                0x0800bf90       0x80 stm32l4xx_hal_i2c.o
 .text.I2C_WaitOnSTOPFlagUntilTimeout
                0x0800c010       0x78 stm32l4xx_hal_i2c.o
 .text.I2C_IsErrorOccurred
                0x0800c088      0x1d8 stm32l4xx_hal_i2c.o
 .text.I2C_TransferConfig
                0x0800c260       0x64 stm32l4xx_hal_i2c.o
 .text.HAL_I2CEx_ConfigAnalogFilter
                0x0800c2c4       0x96 stm32l4xx_hal_i2c_ex.o
                0x0800c2c4                HAL_I2CEx_ConfigAnalogFilter
 .text.HAL_I2CEx_ConfigDigitalFilter
                0x0800c35a       0x98 stm32l4xx_hal_i2c_ex.o
                0x0800c35a                HAL_I2CEx_ConfigDigitalFilter
 *fill*         0x0800c3f2        0x2 
 .text.HAL_PWREx_EnableVddUSB
                0x0800c3f4       0x20 stm32l4xx_hal_pwr_ex.o
                0x0800c3f4                HAL_PWREx_EnableVddUSB
 .text.__NVIC_SetPriorityGrouping
                0x0800c414       0x48 stm32l4xx_hal_cortex.o
 .text.__NVIC_GetPriorityGrouping
                0x0800c45c       0x1c stm32l4xx_hal_cortex.o
 .text.__NVIC_EnableIRQ
                0x0800c478       0x3c stm32l4xx_hal_cortex.o
 .text.__NVIC_DisableIRQ
                0x0800c4b4       0x48 stm32l4xx_hal_cortex.o
 .text.__NVIC_SetPriority
                0x0800c4fc       0x54 stm32l4xx_hal_cortex.o
 .text.NVIC_EncodePriority
                0x0800c550       0x66 stm32l4xx_hal_cortex.o
 .text.HAL_NVIC_SetPriorityGrouping
                0x0800c5b6       0x16 stm32l4xx_hal_cortex.o
                0x0800c5b6                HAL_NVIC_SetPriorityGrouping
 .text.HAL_NVIC_SetPriority
                0x0800c5cc       0x38 stm32l4xx_hal_cortex.o
                0x0800c5cc                HAL_NVIC_SetPriority
 .text.HAL_NVIC_EnableIRQ
                0x0800c604       0x1c stm32l4xx_hal_cortex.o
                0x0800c604                HAL_NVIC_EnableIRQ
 .text.HAL_NVIC_DisableIRQ
                0x0800c620       0x1c stm32l4xx_hal_cortex.o
                0x0800c620                HAL_NVIC_DisableIRQ
 .text.LL_ADC_REG_SetSequencerLength
                0x0800c63c       0x26 stm32l4xx_ll_adc.o
 .text.LL_ADC_IsEnabled
                0x0800c662       0x26 stm32l4xx_ll_adc.o
 .text.LL_ADC_CommonInit
                0x0800c688       0x90 stm32l4xx_ll_adc.o
                0x0800c688                LL_ADC_CommonInit
 .text.LL_ADC_Init
                0x0800c718       0x4c stm32l4xx_ll_adc.o
                0x0800c718                LL_ADC_Init
 .text.LL_ADC_REG_Init
                0x0800c764       0x94 stm32l4xx_ll_adc.o
                0x0800c764                LL_ADC_REG_Init
 .text.HAL_TIM_Base_Init
                0x0800c7f8       0xae stm32l4xx_hal_tim.o
                0x0800c7f8                HAL_TIM_Base_Init
 *fill*         0x0800c8a6        0x2 
 .text.HAL_TIM_Base_Start_IT
                0x0800c8a8       0xe0 stm32l4xx_hal_tim.o
                0x0800c8a8                HAL_TIM_Base_Start_IT
 .text.HAL_TIM_IRQHandler
                0x0800c988      0x23e stm32l4xx_hal_tim.o
                0x0800c988                HAL_TIM_IRQHandler
 .text.HAL_TIM_ConfigClockSource
                0x0800cbc6      0x192 stm32l4xx_hal_tim.o
                0x0800cbc6                HAL_TIM_ConfigClockSource
 .text.HAL_TIM_OC_DelayElapsedCallback
                0x0800cd58       0x14 stm32l4xx_hal_tim.o
                0x0800cd58                HAL_TIM_OC_DelayElapsedCallback
 .text.HAL_TIM_IC_CaptureCallback
                0x0800cd6c       0x14 stm32l4xx_hal_tim.o
                0x0800cd6c                HAL_TIM_IC_CaptureCallback
 .text.HAL_TIM_PWM_PulseFinishedCallback
                0x0800cd80       0x14 stm32l4xx_hal_tim.o
                0x0800cd80                HAL_TIM_PWM_PulseFinishedCallback
 .text.HAL_TIM_TriggerCallback
                0x0800cd94       0x14 stm32l4xx_hal_tim.o
                0x0800cd94                HAL_TIM_TriggerCallback
 .text.TIM_Base_SetConfig
                0x0800cda8      0x134 stm32l4xx_hal_tim.o
                0x0800cda8                TIM_Base_SetConfig
 .text.TIM_TI1_ConfigInputStage
                0x0800cedc       0x5e stm32l4xx_hal_tim.o
 .text.TIM_TI2_ConfigInputStage
                0x0800cf3a       0x60 stm32l4xx_hal_tim.o
 .text.TIM_ITRx_SetConfig
                0x0800cf9a       0x36 stm32l4xx_hal_tim.o
 .text.TIM_ETR_SetConfig
                0x0800cfd0       0x40 stm32l4xx_hal_tim.o
                0x0800cfd0                TIM_ETR_SetConfig
 .text.HAL_TIMEx_MasterConfigSynchronization
                0x0800d010      0x110 stm32l4xx_hal_tim_ex.o
                0x0800d010                HAL_TIMEx_MasterConfigSynchronization
 .text.HAL_TIMEx_CommutCallback
                0x0800d120       0x14 stm32l4xx_hal_tim_ex.o
                0x0800d120                HAL_TIMEx_CommutCallback
 .text.HAL_TIMEx_BreakCallback
                0x0800d134       0x14 stm32l4xx_hal_tim_ex.o
                0x0800d134                HAL_TIMEx_BreakCallback
 .text.HAL_TIMEx_Break2Callback
                0x0800d148       0x14 stm32l4xx_hal_tim_ex.o
                0x0800d148                HAL_TIMEx_Break2Callback
 .text.LL_TIM_SetPrescaler
                0x0800d15c       0x1c stm32l4xx_ll_tim.o
 .text.LL_TIM_SetAutoReload
                0x0800d178       0x1c stm32l4xx_ll_tim.o
 .text.LL_TIM_SetRepetitionCounter
                0x0800d194       0x1c stm32l4xx_ll_tim.o
 .text.LL_TIM_OC_SetCompareCH1
                0x0800d1b0       0x1c stm32l4xx_ll_tim.o
 .text.LL_TIM_OC_SetCompareCH2
                0x0800d1cc       0x1c stm32l4xx_ll_tim.o
 .text.LL_TIM_OC_SetCompareCH3
                0x0800d1e8       0x1c stm32l4xx_ll_tim.o
 .text.LL_TIM_OC_SetCompareCH4
                0x0800d204       0x1c stm32l4xx_ll_tim.o
 .text.LL_TIM_OC_SetCompareCH5
                0x0800d220       0x20 stm32l4xx_ll_tim.o
 .text.LL_TIM_OC_SetCompareCH6
                0x0800d240       0x1c stm32l4xx_ll_tim.o
 .text.LL_TIM_GenerateEvent_UPDATE
                0x0800d25c       0x20 stm32l4xx_ll_tim.o
 .text.LL_TIM_Init
                0x0800d27c      0x128 stm32l4xx_ll_tim.o
                0x0800d27c                LL_TIM_Init
 .text.LL_TIM_OC_Init
                0x0800d3a4       0xbe stm32l4xx_ll_tim.o
                0x0800d3a4                LL_TIM_OC_Init
 *fill*         0x0800d462        0x2 
 .text.OC1Config
                0x0800d464      0x100 stm32l4xx_ll_tim.o
 .text.OC2Config
                0x0800d564      0x108 stm32l4xx_ll_tim.o
 .text.OC3Config
                0x0800d66c      0x108 stm32l4xx_ll_tim.o
 .text.OC4Config
                0x0800d774       0xd8 stm32l4xx_ll_tim.o
 .text.OC5Config
                0x0800d84c       0xc8 stm32l4xx_ll_tim.o
 .text.OC6Config
                0x0800d914       0xc8 stm32l4xx_ll_tim.o
 .text.LL_USART_IsEnabled
                0x0800d9dc       0x26 stm32l4xx_ll_usart.o
 .text.LL_USART_SetStopBitsLength
                0x0800da02       0x26 stm32l4xx_ll_usart.o
 .text.LL_USART_SetHWFlowCtrl
                0x0800da28       0x26 stm32l4xx_ll_usart.o
 .text.LL_USART_SetBaudRate
                0x0800da4e       0x6e stm32l4xx_ll_usart.o
 .text.LL_USART_Init
                0x0800dabc       0xf8 stm32l4xx_ll_usart.o
                0x0800dabc                LL_USART_Init
 .text.LL_RCC_HSI_IsReady
                0x0800dbb4       0x28 stm32l4xx_ll_rcc.o
 .text.LL_RCC_LSE_IsReady
                0x0800dbdc       0x28 stm32l4xx_ll_rcc.o
 .text.LL_RCC_MSI_IsEnabledRangeSelect
                0x0800dc04       0x24 stm32l4xx_ll_rcc.o
 .text.LL_RCC_MSI_GetRange
                0x0800dc28       0x1c stm32l4xx_ll_rcc.o
 .text.LL_RCC_MSI_GetRangeAfterStandby
                0x0800dc44       0x1c stm32l4xx_ll_rcc.o
 .text.LL_RCC_GetSysClkSource
                0x0800dc60       0x1c stm32l4xx_ll_rcc.o
 .text.LL_RCC_GetAHBPrescaler
                0x0800dc7c       0x1c stm32l4xx_ll_rcc.o
 .text.LL_RCC_GetAPB1Prescaler
                0x0800dc98       0x1c stm32l4xx_ll_rcc.o
 .text.LL_RCC_GetAPB2Prescaler
                0x0800dcb4       0x1c stm32l4xx_ll_rcc.o
 .text.LL_RCC_GetUSARTClockSource
                0x0800dcd0       0x28 stm32l4xx_ll_rcc.o
 .text.LL_RCC_GetUARTClockSource
                0x0800dcf8       0x28 stm32l4xx_ll_rcc.o
 .text.LL_RCC_PLL_GetMainSource
                0x0800dd20       0x1c stm32l4xx_ll_rcc.o
 .text.LL_RCC_PLL_GetN
                0x0800dd3c       0x1c stm32l4xx_ll_rcc.o
 .text.LL_RCC_PLL_GetR
                0x0800dd58       0x1c stm32l4xx_ll_rcc.o
 .text.LL_RCC_PLL_GetDivider
                0x0800dd74       0x1c stm32l4xx_ll_rcc.o
 .text.LL_RCC_GetUSARTClockFreq
                0x0800dd90      0x1c4 stm32l4xx_ll_rcc.o
                0x0800dd90                LL_RCC_GetUSARTClockFreq
 .text.LL_RCC_GetUARTClockFreq
                0x0800df54      0x128 stm32l4xx_ll_rcc.o
                0x0800df54                LL_RCC_GetUARTClockFreq
 .text.RCC_GetSystemClockFreq
                0x0800e07c      0x120 stm32l4xx_ll_rcc.o
 .text.RCC_GetHCLKClockFreq
                0x0800e19c       0x2c stm32l4xx_ll_rcc.o
 .text.RCC_GetPCLK1ClockFreq
                0x0800e1c8       0x28 stm32l4xx_ll_rcc.o
 .text.RCC_GetPCLK2ClockFreq
                0x0800e1f0       0x28 stm32l4xx_ll_rcc.o
 .text.RCC_PLL_GetFreqDomain_SYS
                0x0800e218      0x118 stm32l4xx_ll_rcc.o
 .text.USBD_Init
                0x0800e330       0x60 usbd_core.o
                0x0800e330                USBD_Init
 .text.USBD_RegisterClass
                0x0800e390       0x4e usbd_core.o
                0x0800e390                USBD_RegisterClass
 .text.USBD_Start
                0x0800e3de       0x18 usbd_core.o
                0x0800e3de                USBD_Start
 .text.USBD_RunTestMode
                0x0800e3f6       0x16 usbd_core.o
                0x0800e3f6                USBD_RunTestMode
 .text.USBD_SetClassConfig
                0x0800e40c       0x38 usbd_core.o
                0x0800e40c                USBD_SetClassConfig
 .text.USBD_ClrClassConfig
                0x0800e444       0x30 usbd_core.o
                0x0800e444                USBD_ClrClassConfig
 .text.USBD_LL_SetupStage
                0x0800e474       0xaa usbd_core.o
                0x0800e474                USBD_LL_SetupStage
 .text.USBD_LL_DataOutStage
                0x0800e51e       0xc6 usbd_core.o
                0x0800e51e                USBD_LL_DataOutStage
 .text.USBD_LL_DataInStage
                0x0800e5e4      0x12c usbd_core.o
                0x0800e5e4                USBD_LL_DataInStage
 .text.USBD_LL_Reset
                0x0800e710       0x9c usbd_core.o
                0x0800e710                USBD_LL_Reset
 .text.USBD_LL_SetSpeed
                0x0800e7ac       0x20 usbd_core.o
                0x0800e7ac                USBD_LL_SetSpeed
 .text.USBD_LL_Suspend
                0x0800e7cc       0x2c usbd_core.o
                0x0800e7cc                USBD_LL_Suspend
 .text.USBD_LL_Resume
                0x0800e7f8       0x30 usbd_core.o
                0x0800e7f8                USBD_LL_Resume
 .text.USBD_LL_SOF
                0x0800e828       0x44 usbd_core.o
                0x0800e828                USBD_LL_SOF
 .text.USBD_LL_IsoINIncomplete
                0x0800e86c       0x4c usbd_core.o
                0x0800e86c                USBD_LL_IsoINIncomplete
 .text.USBD_LL_IsoOUTIncomplete
                0x0800e8b8       0x4c usbd_core.o
                0x0800e8b8                USBD_LL_IsoOUTIncomplete
 .text.USBD_LL_DevConnected
                0x0800e904       0x16 usbd_core.o
                0x0800e904                USBD_LL_DevConnected
 .text.USBD_LL_DevDisconnected
                0x0800e91a       0x38 usbd_core.o
                0x0800e91a                USBD_LL_DevDisconnected
 .text.SWAPBYTE
                0x0800e952       0x3c usbd_ctlreq.o
 *fill*         0x0800e98e        0x2 
 .text.USBD_StdDevReq
                0x0800e990       0xdc usbd_ctlreq.o
                0x0800e990                USBD_StdDevReq
 .text.USBD_StdItfReq
                0x0800ea6c       0x92 usbd_ctlreq.o
                0x0800ea6c                USBD_StdItfReq
 .text.USBD_StdEPReq
                0x0800eafe      0x2c4 usbd_ctlreq.o
                0x0800eafe                USBD_StdEPReq
 *fill*         0x0800edc2        0x2 
 .text.USBD_GetDescriptor
                0x0800edc4      0x328 usbd_ctlreq.o
 .text.USBD_SetAddress
                0x0800f0ec       0x88 usbd_ctlreq.o
 .text.USBD_SetConfig
                0x0800f174      0x14c usbd_ctlreq.o
 .text.USBD_GetConfig
                0x0800f2c0       0x6c usbd_ctlreq.o
 .text.USBD_GetStatus
                0x0800f32c       0x68 usbd_ctlreq.o
 .text.USBD_SetFeature
                0x0800f394       0x28 usbd_ctlreq.o
 .text.USBD_ClrFeature
                0x0800f3bc       0x44 usbd_ctlreq.o
 .text.USBD_ParseSetupRequest
                0x0800f400       0x74 usbd_ctlreq.o
                0x0800f400                USBD_ParseSetupRequest
 .text.USBD_CtlError
                0x0800f474       0x22 usbd_ctlreq.o
                0x0800f474                USBD_CtlError
 .text.USBD_GetString
                0x0800f496       0x8c usbd_ctlreq.o
                0x0800f496                USBD_GetString
 .text.USBD_GetLen
                0x0800f522       0x34 usbd_ctlreq.o
 .text.USBD_CtlSendData
                0x0800f556       0x36 usbd_ioreq.o
                0x0800f556                USBD_CtlSendData
 .text.USBD_CtlContinueSendData
                0x0800f58c       0x22 usbd_ioreq.o
                0x0800f58c                USBD_CtlContinueSendData
 .text.USBD_CtlPrepareRx
                0x0800f5ae       0x3a usbd_ioreq.o
                0x0800f5ae                USBD_CtlPrepareRx
 .text.USBD_CtlContinueRx
                0x0800f5e8       0x22 usbd_ioreq.o
                0x0800f5e8                USBD_CtlContinueRx
 .text.USBD_CtlSendStatus
                0x0800f60a       0x26 usbd_ioreq.o
                0x0800f60a                USBD_CtlSendStatus
 .text.USBD_CtlReceiveStatus
                0x0800f630       0x26 usbd_ioreq.o
                0x0800f630                USBD_CtlReceiveStatus
 .text.USBD_CDC_Init
                0x0800f656       0xfe usbd_cdc.o
 .text.USBD_CDC_DeInit
                0x0800f754       0x74 usbd_cdc.o
 .text.USBD_CDC_Setup
                0x0800f7c8      0x190 usbd_cdc.o
 .text.USBD_CDC_DataIn
                0x0800f958       0xca usbd_cdc.o
 .text.USBD_CDC_DataOut
                0x0800fa22       0x56 usbd_cdc.o
 .text.USBD_CDC_EP0_RxReady
                0x0800fa78       0x5a usbd_cdc.o
 *fill*         0x0800fad2        0x2 
 .text.USBD_CDC_GetFSCfgDesc
                0x0800fad4       0x20 usbd_cdc.o
 .text.USBD_CDC_GetHSCfgDesc
                0x0800faf4       0x20 usbd_cdc.o
 .text.USBD_CDC_GetOtherSpeedCfgDesc
                0x0800fb14       0x20 usbd_cdc.o
 .text.USBD_CDC_GetDeviceQualifierDescriptor
                0x0800fb34       0x20 usbd_cdc.o
                0x0800fb34                USBD_CDC_GetDeviceQualifierDescriptor
 .text.USBD_CDC_RegisterInterface
                0x0800fb54       0x2a usbd_cdc.o
                0x0800fb54                USBD_CDC_RegisterInterface
 .text.USBD_CDC_SetTxBuffer
                0x0800fb7e       0x3c usbd_cdc.o
                0x0800fb7e                USBD_CDC_SetTxBuffer
 .text.USBD_CDC_SetRxBuffer
                0x0800fbba       0x32 usbd_cdc.o
                0x0800fbba                USBD_CDC_SetRxBuffer
 .text.USBD_CDC_TransmitPacket
                0x0800fbec       0x60 usbd_cdc.o
                0x0800fbec                USBD_CDC_TransmitPacket
 .text.USBD_CDC_ReceivePacket
                0x0800fc4c       0x54 usbd_cdc.o
                0x0800fc4c                USBD_CDC_ReceivePacket
 .text.SystemInit
                0x0800fca0       0x24 system_stm32l4xx.o
                0x0800fca0                SystemInit
 .text.Reset_Handler
                0x0800fcc4       0x50 startup_stm32l476vetx.o
                0x0800fcc4                Reset_Handler
 .text.Default_Handler
                0x0800fd14        0x2 startup_stm32l476vetx.o
                0x0800fd14                RTC_Alarm_IRQHandler
                0x0800fd14                EXTI2_IRQHandler
                0x0800fd14                TIM8_TRG_COM_IRQHandler
                0x0800fd14                TIM8_CC_IRQHandler
                0x0800fd14                TIM1_CC_IRQHandler
                0x0800fd14                TSC_IRQHandler
                0x0800fd14                TAMP_STAMP_IRQHandler
                0x0800fd14                EXTI3_IRQHandler
                0x0800fd14                LPTIM2_IRQHandler
                0x0800fd14                DFSDM1_FLT1_IRQHandler
                0x0800fd14                I2C3_ER_IRQHandler
                0x0800fd14                DFSDM1_FLT2_IRQHandler
                0x0800fd14                EXTI0_IRQHandler
                0x0800fd14                I2C2_EV_IRQHandler
                0x0800fd14                CAN1_RX0_IRQHandler
                0x0800fd14                FPU_IRQHandler
                0x0800fd14                SPI1_IRQHandler
                0x0800fd14                TIM6_DAC_IRQHandler
                0x0800fd14                TIM8_UP_IRQHandler
                0x0800fd14                DMA2_Channel2_IRQHandler
                0x0800fd14                DMA1_Channel4_IRQHandler
                0x0800fd14                SAI2_IRQHandler
                0x0800fd14                DFSDM1_FLT3_IRQHandler
                0x0800fd14                USART3_IRQHandler
                0x0800fd14                CAN1_RX1_IRQHandler
                0x0800fd14                LCD_IRQHandler
                0x0800fd14                UART5_IRQHandler
                0x0800fd14                ADC3_IRQHandler
                0x0800fd14                TIM4_IRQHandler
                0x0800fd14                DMA2_Channel1_IRQHandler
                0x0800fd14                QUADSPI_IRQHandler
                0x0800fd14                I2C1_EV_IRQHandler
                0x0800fd14                UART4_IRQHandler
                0x0800fd14                DMA2_Channel4_IRQHandler
                0x0800fd14                TIM3_IRQHandler
                0x0800fd14                RCC_IRQHandler
                0x0800fd14                Default_Handler
                0x0800fd14                DMA2_Channel7_IRQHandler
                0x0800fd14                EXTI15_10_IRQHandler
                0x0800fd14                TIM7_IRQHandler
                0x0800fd14                SDMMC1_IRQHandler
                0x0800fd14                TIM5_IRQHandler
                0x0800fd14                I2C3_EV_IRQHandler
                0x0800fd14                EXTI9_5_IRQHandler
                0x0800fd14                RTC_WKUP_IRQHandler
                0x0800fd14                PVD_PVM_IRQHandler
                0x0800fd14                SPI2_IRQHandler
                0x0800fd14                CAN1_TX_IRQHandler
                0x0800fd14                DMA2_Channel5_IRQHandler
                0x0800fd14                DMA1_Channel5_IRQHandler
                0x0800fd14                EXTI4_IRQHandler
                0x0800fd14                RNG_IRQHandler
                0x0800fd14                TIM1_TRG_COM_TIM17_IRQHandler
                0x0800fd14                DMA1_Channel3_IRQHandler
                0x0800fd14                COMP_IRQHandler
                0x0800fd14                WWDG_IRQHandler
                0x0800fd14                LPUART1_IRQHandler
                0x0800fd14                DMA2_Channel6_IRQHandler
                0x0800fd14                TIM2_IRQHandler
                0x0800fd14                EXTI1_IRQHandler
                0x0800fd14                USART2_IRQHandler
                0x0800fd14                DFSDM1_FLT0_IRQHandler
                0x0800fd14                I2C2_ER_IRQHandler
                0x0800fd14                TIM8_BRK_IRQHandler
                0x0800fd14                CAN1_SCE_IRQHandler
                0x0800fd14                FLASH_IRQHandler
                0x0800fd14                USART1_IRQHandler
                0x0800fd14                SPI3_IRQHandler
                0x0800fd14                I2C1_ER_IRQHandler
                0x0800fd14                FMC_IRQHandler
                0x0800fd14                SWPMI1_IRQHandler
                0x0800fd14                LPTIM1_IRQHandler
                0x0800fd14                SAI1_IRQHandler
                0x0800fd14                DMA2_Channel3_IRQHandler
                0x0800fd14                TIM1_BRK_TIM15_IRQHandler
 .text.xilUploadProfilingData
                0x0800fd16       0x16 code_profiling_utility_functions.o
                0x0800fd16                xilUploadProfilingData
 .text.taskTimeStart_MicroMouseTemplate
                0x0800fd2c       0x16 code_profiling_utility_functions.o
                0x0800fd2c                taskTimeStart_MicroMouseTemplate
 .text.taskTimeEnd_MicroMouseTemplate
                0x0800fd42       0x20 code_profiling_utility_functions.o
                0x0800fd42                taskTimeEnd_MicroMouseTemplate
 *fill*         0x0800fd62        0x2 
 .text.fmod     0x0800fd64       0x6c c:/programdata/matlab/supportpackages/r2024a/3p.instrset/gnuarm-armcortex.instrset/win/bin/../lib/gcc/arm-none-eabi/11.3.1/thumb/v7e-m+fp/hard\libm.a(libm_a-w_fmod.o)
                0x0800fd64                fmod
 .text.ceil     0x0800fdd0      0x110 c:/programdata/matlab/supportpackages/r2024a/3p.instrset/gnuarm-armcortex.instrset/win/bin/../lib/gcc/arm-none-eabi/11.3.1/thumb/v7e-m+fp/hard\libm.a(libm_a-s_ceil.o)
                0x0800fdd0                ceil
 .text.floor    0x0800fee0      0x118 c:/programdata/matlab/supportpackages/r2024a/3p.instrset/gnuarm-armcortex.instrset/win/bin/../lib/gcc/arm-none-eabi/11.3.1/thumb/v7e-m+fp/hard\libm.a(libm_a-s_floor.o)
                0x0800fee0                floor
 .text.__ieee754_fmod
                0x0800fff8      0x27c c:/programdata/matlab/supportpackages/r2024a/3p.instrset/gnuarm-armcortex.instrset/win/bin/../lib/gcc/arm-none-eabi/11.3.1/thumb/v7e-m+fp/hard\libm.a(libm_a-e_fmod.o)
                0x0800fff8                __ieee754_fmod
 .text.memset   0x08010274       0x10 c:/programdata/matlab/supportpackages/r2024a/3p.instrset/gnuarm-armcortex.instrset/win/bin/../lib/gcc/arm-none-eabi/11.3.1/thumb/v7e-m+fp/hard\libc_nano.a(libc_a-memset.o)
                0x08010274                memset
 .text.__errno  0x08010284        0xc c:/programdata/matlab/supportpackages/r2024a/3p.instrset/gnuarm-armcortex.instrset/win/bin/../lib/gcc/arm-none-eabi/11.3.1/thumb/v7e-m+fp/hard\libc_nano.a(libc_a-errno.o)
                0x08010284                __errno
 .text.__libc_init_array
                0x08010290       0x48 c:/programdata/matlab/supportpackages/r2024a/3p.instrset/gnuarm-armcortex.instrset/win/bin/../lib/gcc/arm-none-eabi/11.3.1/thumb/v7e-m+fp/hard\libc_nano.a(libc_a-init.o)
                0x08010290                __libc_init_array
 .text.memcpy   0x080102d8       0x1c c:/programdata/matlab/supportpackages/r2024a/3p.instrset/gnuarm-armcortex.instrset/win/bin/../lib/gcc/arm-none-eabi/11.3.1/thumb/v7e-m+fp/hard\libc_nano.a(libc_a-memcpy-stub.o)
                0x080102d8                memcpy
 *(.glue_7)
 .glue_7        0x080102f4        0x0 linker stubs
 *(.glue_7t)
 .glue_7t       0x080102f4        0x0 linker stubs
 *(.eh_frame)
 .eh_frame      0x080102f4        0x0 c:/programdata/matlab/supportpackages/r2024a/3p.instrset/gnuarm-armcortex.instrset/win/bin/../lib/gcc/arm-none-eabi/11.3.1/thumb/v7e-m+fp/hard/crtbegin.o
 *(.init)
 .init          0x080102f4        0x4 c:/programdata/matlab/supportpackages/r2024a/3p.instrset/gnuarm-armcortex.instrset/win/bin/../lib/gcc/arm-none-eabi/11.3.1/thumb/v7e-m+fp/hard/crti.o
                0x080102f4                _init
 .init          0x080102f8        0x8 c:/programdata/matlab/supportpackages/r2024a/3p.instrset/gnuarm-armcortex.instrset/win/bin/../lib/gcc/arm-none-eabi/11.3.1/thumb/v7e-m+fp/hard/crtn.o
 *(.fini)
 .fini          0x08010300        0x4 c:/programdata/matlab/supportpackages/r2024a/3p.instrset/gnuarm-armcortex.instrset/win/bin/../lib/gcc/arm-none-eabi/11.3.1/thumb/v7e-m+fp/hard/crti.o
                0x08010300                _fini
 .fini          0x08010304        0x8 c:/programdata/matlab/supportpackages/r2024a/3p.instrset/gnuarm-armcortex.instrset/win/bin/../lib/gcc/arm-none-eabi/11.3.1/thumb/v7e-m+fp/hard/crtn.o
                0x0801030c                . = ALIGN (0x4)
                0x0801030c                _etext = .

.vfp11_veneer   0x0801030c        0x0
 .vfp11_veneer  0x0801030c        0x0 linker stubs

.v4_bx          0x0801030c        0x0
 .v4_bx         0x0801030c        0x0 linker stubs

.iplt           0x0801030c        0x0
 .iplt          0x0801030c        0x0 c:/programdata/matlab/supportpackages/r2024a/3p.instrset/gnuarm-armcortex.instrset/win/bin/../lib/gcc/arm-none-eabi/11.3.1/thumb/v7e-m+fp/hard/crtbegin.o

.rodata         0x08010310       0xe0
                0x08010310                . = ALIGN (0x4)
 *(.rodata)
 .rodata        0x08010310        0x9 CustomWhile.o
 *fill*         0x08010319        0x3 
 .rodata        0x0801031c       0x46 usbd_desc.o
 *(.rodata*)
 *fill*         0x08010362        0x2 
 .rodata.CHANNEL_OFFSET_TAB
                0x08010364        0x7 stm_adc_ll.o
 *fill*         0x0801036b        0x1 
 .rodata.MicroMouseTemplate_M
                0x0801036c        0x4 MicroMouseTemplate.o
                0x0801036c                MicroMouseTemplate_M
 .rodata.CHANNEL_OFFSET_TAB
                0x08010370        0x7 adc.o
 *fill*         0x08010377        0x1 
 .rodata.OFFSET_TAB_CCMRx
                0x08010378        0x9 tim.o
 *fill*         0x08010381        0x3 
 .rodata.SHIFT_TAB_OCxx
                0x08010384        0x9 tim.o
 *fill*         0x0801038d        0x3 
 .rodata.CHANNEL_OFFSET_TAB
                0x08010390        0x7 usart.o
 *fill*         0x08010397        0x1 
 .rodata.AHBPrescTable
                0x08010398       0x10 system_stm32l4xx.o
                0x08010398                AHBPrescTable
 .rodata.APBPrescTable
                0x080103a8        0x8 system_stm32l4xx.o
                0x080103a8                APBPrescTable
 .rodata.MSIRangeTable
                0x080103b0       0x30 system_stm32l4xx.o
                0x080103b0                MSIRangeTable
 .rodata.Zero   0x080103e0       0x10 c:/programdata/matlab/supportpackages/r2024a/3p.instrset/gnuarm-armcortex.instrset/win/bin/../lib/gcc/arm-none-eabi/11.3.1/thumb/v7e-m+fp/hard\libm.a(libm_a-e_fmod.o)
                0x080103f0                . = ALIGN (0x4)

.rel.dyn        0x080103f0        0x0
 .rel.iplt      0x080103f0        0x0 c:/programdata/matlab/supportpackages/r2024a/3p.instrset/gnuarm-armcortex.instrset/win/bin/../lib/gcc/arm-none-eabi/11.3.1/thumb/v7e-m+fp/hard/crtbegin.o

.ARM.extab      0x080103f0        0x0
                0x080103f0                . = ALIGN (0x4)
 *(.ARM.extab* .gnu.linkonce.armextab.*)
                0x080103f0                . = ALIGN (0x4)

.ARM            0x080103f0        0x0
                0x080103f0                . = ALIGN (0x4)
                0x080103f0                __exidx_start = .
 *(.ARM.exidx*)
                0x080103f0                __exidx_end = .
                0x080103f0                . = ALIGN (0x4)

.preinit_array  0x080103f0        0x0
                0x080103f0                . = ALIGN (0x4)
                0x080103f0                PROVIDE (__preinit_array_start = .)
 *(.preinit_array*)
                0x080103f0                PROVIDE (__preinit_array_end = .)
                0x080103f0                . = ALIGN (0x4)

.init_array     0x080103f0        0x4
                0x080103f0                . = ALIGN (0x4)
                0x080103f0                PROVIDE (__init_array_start = .)
 *(SORT_BY_NAME(.init_array.*))
 *(.init_array*)
 .init_array    0x080103f0        0x4 c:/programdata/matlab/supportpackages/r2024a/3p.instrset/gnuarm-armcortex.instrset/win/bin/../lib/gcc/arm-none-eabi/11.3.1/thumb/v7e-m+fp/hard/crtbegin.o
                0x080103f4                PROVIDE (__init_array_end = .)
                0x080103f4                . = ALIGN (0x4)

.fini_array     0x080103f4        0x4
                0x080103f4                . = ALIGN (0x4)
                [!provide]                PROVIDE (__fini_array_start = .)
 *(SORT_BY_NAME(.fini_array.*))
 *(.fini_array*)
 .fini_array    0x080103f4        0x4 c:/programdata/matlab/supportpackages/r2024a/3p.instrset/gnuarm-armcortex.instrset/win/bin/../lib/gcc/arm-none-eabi/11.3.1/thumb/v7e-m+fp/hard/crtbegin.o
                [!provide]                PROVIDE (__fini_array_end = .)
                0x080103f8                . = ALIGN (0x4)
                0x080103f8                _sidata = LOADADDR (.data)

.data           0x20000000      0x330 load address 0x080103f8
                0x20000000                . = ALIGN (0x4)
                0x20000000                _sdata = .
 *(.data)
 *(.data*)
 .data.MicroMouseTemplate_P
                0x20000000      0x150 MicroMouseTemplate_data.o
                0x20000000                MicroMouseTemplate_P
 .data.FS_Desc  0x20000150       0x20 usbd_desc.o
                0x20000150                FS_Desc
 .data.USBD_FS_DeviceDesc
                0x20000170       0x12 usbd_desc.o
                0x20000170                USBD_FS_DeviceDesc
 *fill*         0x20000182        0x2 
 .data.USBD_FS_BOSDesc
                0x20000184        0xc usbd_desc.o
                0x20000184                USBD_FS_BOSDesc
 .data.USBD_LangIDDesc
                0x20000190        0x4 usbd_desc.o
                0x20000190                USBD_LangIDDesc
 .data.USBD_StringSerial
                0x20000194       0x1a usbd_desc.o
                0x20000194                USBD_StringSerial
 *fill*         0x200001ae        0x2 
 .data.USBD_Interface_fops_FS
                0x200001b0       0x14 usbd_cdc_if.o
                0x200001b0                USBD_Interface_fops_FS
 .data.uwTickPrio
                0x200001c4        0x4 stm32l4xx_hal.o
                0x200001c4                uwTickPrio
 .data.uwTickFreq
                0x200001c8        0x1 stm32l4xx_hal.o
                0x200001c8                uwTickFreq
 *fill*         0x200001c9        0x3 
 .data.USBD_CDC_DeviceQualifierDesc
                0x200001cc        0xa usbd_cdc.o
 *fill*         0x200001d6        0x2 
 .data.USBD_CDC
                0x200001d8       0x38 usbd_cdc.o
                0x200001d8                USBD_CDC
 .data.USBD_CDC_CfgHSDesc
                0x20000210       0x43 usbd_cdc.o
 *fill*         0x20000253        0x1 
 .data.USBD_CDC_CfgFSDesc
                0x20000254       0x43 usbd_cdc.o
 *fill*         0x20000297        0x1 
 .data.USBD_CDC_OtherSpeedCfgDesc
                0x20000298       0x43 usbd_cdc.o
 *fill*         0x200002db        0x1 
 .data.SystemCoreClock
                0x200002dc        0x4 system_stm32l4xx.o
                0x200002dc                SystemCoreClock
 .data._impure_data
                0x200002e0       0x4c c:/programdata/matlab/supportpackages/r2024a/3p.instrset/gnuarm-armcortex.instrset/win/bin/../lib/gcc/arm-none-eabi/11.3.1/thumb/v7e-m+fp/hard\libc_nano.a(libc_a-impure.o)
                0x200002e0                _impure_data
 .data._impure_ptr
                0x2000032c        0x4 c:/programdata/matlab/supportpackages/r2024a/3p.instrset/gnuarm-armcortex.instrset/win/bin/../lib/gcc/arm-none-eabi/11.3.1/thumb/v7e-m+fp/hard\libc_nano.a(libc_a-impure.o)
                0x2000032c                _impure_ptr
 *(.RamFunc)
 *(.RamFunc*)
                0x20000330                . = ALIGN (0x4)
                0x20000330                _edata = .

.tm_clone_table
                0x20000330        0x0 load address 0x08010728
 .tm_clone_table
                0x20000330        0x0 c:/programdata/matlab/supportpackages/r2024a/3p.instrset/gnuarm-armcortex.instrset/win/bin/../lib/gcc/arm-none-eabi/11.3.1/thumb/v7e-m+fp/hard/crtbegin.o
 .tm_clone_table
                0x20000330        0x0 c:/programdata/matlab/supportpackages/r2024a/3p.instrset/gnuarm-armcortex.instrset/win/bin/../lib/gcc/arm-none-eabi/11.3.1/thumb/v7e-m+fp/hard/crtend.o

.igot.plt       0x20000330        0x0 load address 0x08010728
 .igot.plt      0x20000330        0x0 c:/programdata/matlab/supportpackages/r2024a/3p.instrset/gnuarm-armcortex.instrset/win/bin/../lib/gcc/arm-none-eabi/11.3.1/thumb/v7e-m+fp/hard/crtbegin.o
                0x20000330                . = ALIGN (0x4)

.bss            0x20000330     0x4eac load address 0x08010728
                0x20000330                _sbss = .
                0x20000330                __bss_start__ = _sbss
 *(.bss)
 *(.bss*)
 .bss.completed.1
                0x20000330        0x1 c:/programdata/matlab/supportpackages/r2024a/3p.instrset/gnuarm-armcortex.instrset/win/bin/../lib/gcc/arm-none-eabi/11.3.1/thumb/v7e-m+fp/hard/crtbegin.o
 *fill*         0x20000331        0x3 
 .bss.object.0  0x20000334       0x18 c:/programdata/matlab/supportpackages/r2024a/3p.instrset/gnuarm-armcortex.instrset/win/bin/../lib/gcc/arm-none-eabi/11.3.1/thumb/v7e-m+fp/hard/crtbegin.o
 .bss.mw_tim3   0x2000034c       0x8c stm_timer_ll.o
                0x2000034c                mw_tim3
 .bss.mw_adc2   0x200003d8       0x1c stm_adc_ll.o
                0x200003d8                mw_adc2
 .bss.IMU_Accel
                0x200003f4        0xc MicroMouseTemplate.o
                0x200003f4                IMU_Accel
 .bss.IMU_Gyro  0x20000400        0xc MicroMouseTemplate.o
                0x20000400                IMU_Gyro
 .bss.currTicksRS
                0x2000040c        0x4 MicroMouseTemplate.o
                0x2000040c                currTicksRS
 .bss.currTicksLS
                0x20000410        0x4 MicroMouseTemplate.o
                0x20000410                currTicksLS
 .bss.ADC1s     0x20000414       0x12 MicroMouseTemplate.o
                0x20000414                ADC1s
 *fill*         0x20000426        0x2 
 .bss.ADC_H     0x20000428       0x12 MicroMouseTemplate.o
                0x20000428                ADC_H
 *fill*         0x2000043a        0x2 
 .bss.ADC_L     0x2000043c       0x12 MicroMouseTemplate.o
                0x2000043c                ADC_L
 *fill*         0x2000044e        0x2 
 .bss.Thresholds
                0x20000450       0x10 MicroMouseTemplate.o
                0x20000450                Thresholds
 .bss.Detections
                0x20000460        0x8 MicroMouseTemplate.o
                0x20000460                Detections
 .bss.MicroMouseTemplate_B
                0x20000468     0x1138 MicroMouseTemplate.o
                0x20000468                MicroMouseTemplate_B
 .bss.MicroMouseTemplate_DW
                0x200015a0      0xa08 MicroMouseTemplate.o
                0x200015a0                MicroMouseTemplate_DW
 .bss.MicroMouseTemplate_M_
                0x20001fa8        0x8 MicroMouseTemplate.o
 .bss.profilingDataIdx
                0x20001fb0        0x4 ert_main.o
                0x20001fb0                profilingDataIdx
 .bss._tmwrunningCoreID
                0x20001fb4        0x4 ert_main.o
                0x20001fb4                _tmwrunningCoreID
 .bss.profilingData
                0x20001fb8     0x12c0 ert_main.o
                0x20001fb8                profilingData
 .bss.IsrOverrun
                0x20003278        0x4 ert_main.o
                0x20003278                IsrOverrun
 .bss.isRateRunning
                0x2000327c        0x2 ert_main.o
                0x2000327c                isRateRunning
 *fill*         0x2000327e        0x2 
 .bss.need2runFlags
                0x20003280        0x2 ert_main.o
                0x20003280                need2runFlags
 .bss.stopRequested
                0x20003282        0x1 ert_main.o
                0x20003282                stopRequested
 .bss.runModel  0x20003283        0x1 ert_main.o
                0x20003283                runModel
 .bss.checkIMU  0x20003284        0x1 IMU.o
                0x20003284                checkIMU
 *fill*         0x20003285        0x3 
 .bss.diag_ProSW
                0x20003288        0x2 CustomWhile.o
                0x20003288                diag_ProSW
 *fill*         0x2000328a        0x2 
 .bss.diag_ProLED
                0x2000328c        0x3 CustomWhile.o
                0x2000328c                diag_ProLED
 *fill*         0x2000328f        0x1 
 .bss.diag_IR_LEDs
                0x20003290        0x8 CustomWhile.o
                0x20003290                diag_IR_LEDs
 .bss.IR_LED_TIMER
                0x20003298        0x4 CustomWhile.o
                0x20003298                IR_LED_TIMER
 .bss.diag_MOT_L
                0x2000329c        0x4 CustomWhile.o
                0x2000329c                diag_MOT_L
 .bss.diag_MOT_R
                0x200032a0        0x4 CustomWhile.o
                0x200032a0                diag_MOT_R
 .bss.schdl_counter
                0x200032a4        0x4 SysTickScheduler.o
                0x200032a4                schdl_counter
 .bss.schdl_counter_max
                0x200032a8        0x4 SysTickScheduler.o
                0x200032a8                schdl_counter_max
 .bss.taskToSchedule
                0x200032ac        0x4 m3m4m4f_multitasking.o
                0x200032ac                taskToSchedule
 .bss.hi2c2     0x200032b0       0x54 i2c.o
                0x200032b0                hi2c2
 .bss.htim4     0x20003304       0x4c tim.o
                0x20003304                htim4
 .bss.hUsbDeviceFS
                0x20003350      0x2d0 usb_device.o
                0x20003350                hUsbDeviceFS
 .bss.hpcd_USB_OTG_FS
                0x20003620      0x50c usbd_conf.o
                0x20003620                hpcd_USB_OTG_FS
 .bss.mem.0     0x20003b2c      0x220 usbd_conf.o
 .bss.USBD_StrDesc
                0x20003d4c      0x200 usbd_desc.o
                0x20003d4c                USBD_StrDesc
 .bss.usb_rx_buffer
                0x20003f4c      0x100 usbd_cdc_if.o
                0x20003f4c                usb_rx_buffer
 .bss.usb_rx_index
                0x2000404c        0x1 usbd_cdc_if.o
                0x2000404c                usb_rx_index
 *fill*         0x2000404d        0x3 
 .bss.UserRxBufferFS
                0x20004050      0x800 usbd_cdc_if.o
                0x20004050                UserRxBufferFS
 .bss.UserTxBufferFS
                0x20004850      0x800 usbd_cdc_if.o
                0x20004850                UserTxBufferFS
 .bss.htim1     0x20005050       0x4c stm32l4xx_hal_timebase_tim.o
                0x20005050                htim1
 .bss.uwTick    0x2000509c        0x4 stm32l4xx_hal.o
                0x2000509c                uwTick
 .bss.cfgidx.0  0x200050a0        0x1 usbd_ctlreq.o
 *fill*         0x200050a1        0x3 
 .bss.__sf      0x200050a4      0x138 c:/programdata/matlab/supportpackages/r2024a/3p.instrset/gnuarm-armcortex.instrset/win/bin/../lib/gcc/arm-none-eabi/11.3.1/thumb/v7e-m+fp/hard\libc_nano.a(libc_a-findfp.o)
                0x200050a4                __sf
 *(COMMON)
                0x200051dc                . = ALIGN (0x4)
                0x200051dc                _ebss = .
                0x200051dc                __bss_end__ = _ebss

._user_heap_stack
                0x200051dc      0x604 load address 0x08010728
                0x200051e0                . = ALIGN (0x8)
 *fill*         0x200051dc        0x4 
                [!provide]                PROVIDE (end = .)
                0x200051e0                PROVIDE (_end = .)
                0x200053e0                . = (. + _Min_Heap_Size)
 *fill*         0x200051e0      0x200 
                0x200057e0                . = (. + _Min_Stack_Size)
 *fill*         0x200053e0      0x400 
                0x200057e0                . = ALIGN (0x8)

/DISCARD/
 libc.a(*)
 libm.a(*)
 libgcc.a(*)

.ARM.attributes
                0x00000000       0x30
 *(.ARM.attributes)
 .ARM.attributes
                0x00000000       0x1e c:/programdata/matlab/supportpackages/r2024a/3p.instrset/gnuarm-armcortex.instrset/win/bin/../lib/gcc/arm-none-eabi/11.3.1/thumb/v7e-m+fp/hard/crti.o
 .ARM.attributes
                0x0000001e       0x34 c:/programdata/matlab/supportpackages/r2024a/3p.instrset/gnuarm-armcortex.instrset/win/bin/../lib/gcc/arm-none-eabi/11.3.1/thumb/v7e-m+fp/hard/crtbegin.o
 .ARM.attributes
                0x00000052       0x34 stm_timer_ll.o
 .ARM.attributes
                0x00000086       0x34 stm_adc_ll.o
 .ARM.attributes
                0x000000ba       0x34 MicroMouseTemplate.o
 .ARM.attributes
                0x000000ee       0x34 MicroMouseTemplate_data.o
 .ARM.attributes
                0x00000122       0x34 ert_main.o
 .ARM.attributes
                0x00000156       0x34 IMU.o
 .ARM.attributes
                0x0000018a       0x34 CustomWhile.o
 .ARM.attributes
                0x000001be       0x34 overrideHALDelay.o
 .ARM.attributes
                0x000001f2       0x34 platform_timer.o
 .ARM.attributes
                0x00000226       0x34 SysTickScheduler.o
 .ARM.attributes
                0x0000025a       0x34 m3m4m4f_multitasking.o
 .ARM.attributes
                0x0000028e       0x34 main.o
 .ARM.attributes
                0x000002c2       0x34 gpio.o
 .ARM.attributes
                0x000002f6       0x34 adc.o
 .ARM.attributes
                0x0000032a       0x34 dma.o
 .ARM.attributes
                0x0000035e       0x34 i2c.o
 .ARM.attributes
                0x00000392       0x34 tim.o
 .ARM.attributes
                0x000003c6       0x34 usart.o
 .ARM.attributes
                0x000003fa       0x34 usb_device.o
 .ARM.attributes
                0x0000042e       0x34 usbd_conf.o
 .ARM.attributes
                0x00000462       0x34 usbd_desc.o
 .ARM.attributes
                0x00000496       0x34 usbd_cdc_if.o
 .ARM.attributes
                0x000004ca       0x34 stm32l4xx_it.o
 .ARM.attributes
                0x000004fe       0x34 stm32l4xx_hal_msp.o
 .ARM.attributes
                0x00000532       0x34 stm32l4xx_hal_timebase_tim.o
 .ARM.attributes
                0x00000566       0x34 stm32l4xx_ll_utils.o
 .ARM.attributes
                0x0000059a       0x34 stm32l4xx_ll_gpio.o
 .ARM.attributes
                0x000005ce       0x34 stm32l4xx_hal_pcd.o
 .ARM.attributes
                0x00000602       0x34 stm32l4xx_hal_pcd_ex.o
 .ARM.attributes
                0x00000636       0x34 stm32l4xx_ll_usb.o
 .ARM.attributes
                0x0000066a       0x34 stm32l4xx_hal.o
 .ARM.attributes
                0x0000069e       0x34 stm32l4xx_hal_rcc.o
 .ARM.attributes
                0x000006d2       0x34 stm32l4xx_hal_gpio.o
 .ARM.attributes
                0x00000706       0x34 stm32l4xx_hal_i2c.o
 .ARM.attributes
                0x0000073a       0x34 stm32l4xx_hal_i2c_ex.o
 .ARM.attributes
                0x0000076e       0x34 stm32l4xx_hal_pwr_ex.o
 .ARM.attributes
                0x000007a2       0x34 stm32l4xx_hal_cortex.o
 .ARM.attributes
                0x000007d6       0x34 stm32l4xx_ll_adc.o
 .ARM.attributes
                0x0000080a       0x34 stm32l4xx_hal_tim.o
 .ARM.attributes
                0x0000083e       0x34 stm32l4xx_hal_tim_ex.o
 .ARM.attributes
                0x00000872       0x34 stm32l4xx_ll_tim.o
 .ARM.attributes
                0x000008a6       0x34 stm32l4xx_ll_usart.o
 .ARM.attributes
                0x000008da       0x34 stm32l4xx_ll_rcc.o
 .ARM.attributes
                0x0000090e       0x34 usbd_core.o
 .ARM.attributes
                0x00000942       0x34 usbd_ctlreq.o
 .ARM.attributes
                0x00000976       0x34 usbd_ioreq.o
 .ARM.attributes
                0x000009aa       0x34 usbd_cdc.o
 .ARM.attributes
                0x000009de       0x34 system_stm32l4xx.o
 .ARM.attributes
                0x00000a12       0x21 startup_stm32l476vetx.o
 .ARM.attributes
                0x00000a33       0x34 code_profiling_utility_functions.o
 .ARM.attributes
                0x00000a67       0x34 c:/programdata/matlab/supportpackages/r2024a/3p.instrset/gnuarm-armcortex.instrset/win/bin/../lib/gcc/arm-none-eabi/11.3.1/thumb/v7e-m+fp/hard\libm.a(libm_a-w_fmod.o)
 .ARM.attributes
                0x00000a9b       0x34 c:/programdata/matlab/supportpackages/r2024a/3p.instrset/gnuarm-armcortex.instrset/win/bin/../lib/gcc/arm-none-eabi/11.3.1/thumb/v7e-m+fp/hard\libm.a(libm_a-s_ceil.o)
 .ARM.attributes
                0x00000acf       0x34 c:/programdata/matlab/supportpackages/r2024a/3p.instrset/gnuarm-armcortex.instrset/win/bin/../lib/gcc/arm-none-eabi/11.3.1/thumb/v7e-m+fp/hard\libm.a(libm_a-s_floor.o)
 .ARM.attributes